11g - EOS
12c - 

19c - 

10g
11g (11.2.0.4) - 19c 
12c - 19c 
18c - 19c 

21c - 

19c - 21c 
19c - 23c 

12c - 19c


oracle edelivery 
/u01/app/oracle/product/12.2.0.1/dbhome_1
./dbca 




 $ORACLE_BASE/product/19.0.0.0/dbhome_1/jdk/bin/java -jar $ORACLE_BASE/product/19.0.0.0/dbhome_1/rdbms/admin/preupgrade.jar TERMINAL TEXT

pre
EXECUTE DBMS_STATS.GATHER_DICTIONARY_STATS;
EXECUTE DBMS_STATS.GATHER_FIXED_OBJECTS_STATS;
@/u01/app/oracle/cfgtoollogs/DEV/preupgrade/preupgrade_fixups.sql


post
EXECUTE DBMS_STATS.GATHER_DICTIONARY_STATS;
EXECUTE DBMS_STATS.GATHER_FIXED_OBJECTS_STATS;
@/u01/app/oracle/cfgtoollogs/DEV/preupgrade/postupgrade_fixups.sql
timezone upgrade
invalid object - @?/rdbms/admin/utlprp.sql 16



[root@oraclelab1 ~]# clear
[root@oraclelab1 ~]# ps -ef|grep smon
oracle   11890     1  0 08:12 ?        00:00:00 ora_smon_DEV
oracle   14818     1  0 08:24 ?        00:00:00 ora_smon_TEST
oracle   15984     1  0 08:29 ?        00:00:00 ora_smon_UAT
root     16128  8494  0 08:30 pts/2    00:00:00 grep --color=auto smon
[root@oraclelab1 ~]# cd /u01/app/oracle/product/12.2.0.1/dbhome_1/
[root@oraclelab1 dbhome_1]# pwd
/u01/app/oracle/product/12.2.0.1/dbhome_1
[root@oraclelab1 dbhome_1]# su - oracle
Last login: Tue May 16 10:15:44 IST 2023 on pts/2
[oracle@oraclelab1 ~]$
[oracle@oraclelab1 ~]$
[oracle@oraclelab1 ~]$ . oraenv
ORACLE_SID = [DEVDB] ? DEV
The Oracle base remains unchanged with value /u01/app/oracle
[oracle@oraclelab1 ~]$
[oracle@oraclelab1 ~]$
[oracle@oraclelab1 ~]$ env |grep ORA
ORACLE_SID=DEV
ORACLE_BASE=/u01/app/oracle
ORACLE_HOME=/u01/app/oracle/product/12.2.0.1/dbhome_1
[oracle@oraclelab1 ~]$ sqlplus / as sysdba

SQL*Plus: Release 12.2.0.1.0 Production on Fri May 19 09:42:19 2023

Copyright (c) 1982, 2016, Oracle.  All rights reserved.


Connected to:
Oracle Database 12c Enterprise Edition Release 12.2.0.1.0 - 64bit Production

SQL> exit
Disconnected from Oracle Database 12c Enterprise Edition Release 12.2.0.1.0 - 64bit Production
[oracle@oraclelab1 ~]$ sqlplus / as sysdba

SQL*Plus: Release 12.2.0.1.0 Production on Fri May 19 09:57:41 2023

Copyright (c) 1982, 2016, Oracle.  All rights reserved.


Connected to:
Oracle Database 12c Enterprise Edition Release 12.2.0.1.0 - 64bit Production

SQL> SELECT name,description from SYS.V$PARAMETER WHERE name LIKE '\_%' ESCAPE '\';

no rows selected

SQL> exit
Disconnected from Oracle Database 12c Enterprise Edition Release 12.2.0.1.0 - 64bit Production
[oracle@oraclelab1 ~]$ ps -ef|grep smon
oracle   11890     1  0 08:12 ?        00:00:00 ora_smon_DEV
oracle   14818     1  0 08:24 ?        00:00:00 ora_smon_TEST
oracle   17745     1  0 08:34 ?        00:00:00 ora_smon_UAT
oracle   25777 23959  0 10:02 pts/2    00:00:00 grep --color=auto smon
[oracle@oraclelab1 ~]$
[oracle@oraclelab1 ~]$
[oracle@oraclelab1 ~]$ sqlplus / as sysdba

SQL*Plus: Release 12.2.0.1.0 Production on Fri May 19 10:04:57 2023

Copyright (c) 1982, 2016, Oracle.  All rights reserved.


Connected to:
Oracle Database 12c Enterprise Edition Release 12.2.0.1.0 - 64bit Production

SQL> select name, open_mode from v$database;

NAME      OPEN_MODE
--------- --------------------
DEV       READ WRITE

SQL> column comp_name format a40
column version format a12
column status format a15
select comp_name,version,status from dba_registry;
SQL> SQL> SQL>
COMP_NAME                                VERSION      STATUS
---------------------------------------- ------------ ---------------
Oracle Database Catalog Views            12.2.0.1.0   VALID
Oracle Database Packages and Types       12.2.0.1.0   VALID
JServer JAVA Virtual Machine             12.2.0.1.0   VALID
Oracle XDK                               12.2.0.1.0   VALID
Oracle Database Java Packages            12.2.0.1.0   VALID
OLAP Analytic Workspace                  12.2.0.1.0   VALID
Oracle Real Application Clusters         12.2.0.1.0   OPTION OFF
Oracle XML Database                      12.2.0.1.0   VALID
Oracle Workspace Manager                 12.2.0.1.0   VALID
Oracle Text                              12.2.0.1.0   VALID
Oracle Multimedia                        12.2.0.1.0   VALID

COMP_NAME                                VERSION      STATUS
---------------------------------------- ------------ ---------------
Spatial                                  12.2.0.1.0   VALID
Oracle OLAP API                          12.2.0.1.0   VALID
Oracle Label Security                    12.2.0.1.0   VALID
Oracle Database Vault                    12.2.0.1.0   VALID

15 rows selected.

SQL> column owner format a15
column object_name format a40
column object_type format a20
select owner, object_name, object_type from dba_objects where status='INVALID' and owner like '%SYS%' order by object_type,owner,object_name;
SQL> SQL> SQL>
no rows selected

SQL> CREATE RESTORE POINT before_upgrade GUARANTEE FLASHBACK DATABASE;

Restore point created.

SQL> select NAME,TIME from v$restore_point;

NAME
--------------------------------------------------------------------------------
TIME
---------------------------------------------------------------------------
BEFORE_UPGRADE
19-MAY-23 10.06.45.000000000 AM


SQL>
SQL>
SQL> exit
Disconnected from Oracle Database 12c Enterprise Edition Release 12.2.0.1.0 - 64bit Production
[oracle@oraclelab1 ~]$ cd /u01/patches/
[oracle@oraclelab1 patches]$ ll
total 2674152
drwxr-xr-x. 2 oracle oinstall         23 Apr 26 00:17 19c-autoupg
drwxr-x---. 8 oracle oinstall       4096 Oct 17  2022 34416665
-rw-r--r--. 1 oracle oinstall 2610825269 May 16 08:46 p34416665_190000_Linux-x86-64.zip
-rw-r--r--. 1 oracle oinstall  125734641 May 16 08:46 p6880880_190000_Linux-x86-64.zip
-rw-rw-r--. 1 oracle oinstall    1762911 Oct 19  2022 PatchSearch.xml
[oracle@oraclelab1 patches]$ pwd
/u01/patches
[oracle@oraclelab1 patches]$ ls -ltrh
total 2.6G
drwxr-x---. 8 oracle oinstall 4.0K Oct 17  2022 34416665
-rw-rw-r--. 1 oracle oinstall 1.7M Oct 19  2022 PatchSearch.xml
-rw-r--r--. 1 root   root     330K Dec  4 08:55 preupgrade_19_cbuild_13_lf.zip
drwxr-xr-x. 2 oracle oinstall   23 Apr 26 00:17 19c-autoupg
-rw-r--r--. 1 oracle oinstall 2.5G May 16 08:46 p34416665_190000_Linux-x86-64.zip
-rw-r--r--. 1 oracle oinstall 120M May 16 08:46 p6880880_190000_Linux-x86-64.zip
[oracle@oraclelab1 patches]$ export ORACLE_HOME=$ORACLE_BASE/product/19.0.0.0/dbhome_1
[oracle@oraclelab1 patches]$ exit
logout
[root@oraclelab1 dbhome_1]# cd /u01/patches/
[root@oraclelab1 patches]# ll
total 2674484
drwxr-xr-x. 2 oracle oinstall         23 Apr 26 00:17 19c-autoupg
drwxr-x---. 8 oracle oinstall       4096 Oct 17  2022 34416665
-rw-r--r--. 1 oracle oinstall 2610825269 May 16 08:46 p34416665_190000_Linux-x86-64.zip
-rw-r--r--. 1 oracle oinstall  125734641 May 16 08:46 p6880880_190000_Linux-x86-64.zip
-rw-rw-r--. 1 oracle oinstall    1762911 Oct 19  2022 PatchSearch.xml
-rw-r--r--. 1 root   root         337583 Dec  4 08:55 preupgrade_19_cbuild_13_lf.zip
[root@oraclelab1 patches]# chown oracle:oinstall preupgrade_19_cbuild_13_lf.zip
[root@oraclelab1 patches]# ls -ltrh
total 2.6G
drwxr-x---. 8 oracle oinstall 4.0K Oct 17  2022 34416665
-rw-rw-r--. 1 oracle oinstall 1.7M Oct 19  2022 PatchSearch.xml
-rw-r--r--. 1 oracle oinstall 330K Dec  4 08:55 preupgrade_19_cbuild_13_lf.zip
drwxr-xr-x. 2 oracle oinstall   23 Apr 26 00:17 19c-autoupg
-rw-r--r--. 1 oracle oinstall 2.5G May 16 08:46 p34416665_190000_Linux-x86-64.zip
-rw-r--r--. 1 oracle oinstall 120M May 16 08:46 p6880880_190000_Linux-x86-64.zip
[root@oraclelab1 patches]#
[root@oraclelab1 patches]#
[root@oraclelab1 patches]# su - oracle
Last login: Fri May 19 09:42:00 IST 2023 on pts/2
[oracle@oraclelab1 ~]$ export ORACLE_HOME=$ORACLE_BASE/product/19.0.0.0/dbhome_1
[oracle@oraclelab1 ~]$ cd $ORACLE_HOME/rdbms/admin
[oracle@oraclelab1 admin]$ pwd
/u01/app/oracle/product/19.0.0.0/dbhome_1/rdbms/admin
[oracle@oraclelab1 admin]$ unzip -o /u01/patches/preupgrade_19_cbuild_??_lf.zip
Archive:  /u01/patches/preupgrade_19_cbuild_13_lf.zip
  inflating: preupgrade_package.sql
  inflating: preupgrade_driver.sql
  inflating: dbms_registry_extended.sql
  inflating: parameters.properties
  inflating: preupgrade_messages.properties
  inflating: components.properties
  inflating: preupgrade.jar
[oracle@oraclelab1 admin]$ ls -ltr preupgrade.ja
ls: cannot access preupgrade.ja: No such file or directory
[oracle@oraclelab1 admin]$ ls -ltr preupgrade.jar
-rw-r--r--. 1 oracle oinstall 771683 Mar 18  2022 preupgrade.jar
[oracle@oraclelab1 admin]$ pwd
/u01/app/oracle/product/19.0.0.0/dbhome_1/rdbms/admin
[oracle@oraclelab1 admin]$ . oraenv
ORACLE_SID = [DEVDB] ? DEV
The Oracle base remains unchanged with value /u01/app/oracle
[oracle@oraclelab1 admin]$
[oracle@oraclelab1 admin]$
[oracle@oraclelab1 admin]$ pwd
/u01/app/oracle/product/19.0.0.0/dbhome_1/rdbms/admin
[oracle@oraclelab1 admin]$
[oracle@oraclelab1 admin]$
[oracle@oraclelab1 admin]$ env |grep ORA
ORACLE_SID=DEV
ORACLE_BASE=/u01/app/oracle
ORACLE_HOME=/u01/app/oracle/product/12.2.0.1/dbhome_1
[oracle@oraclelab1 admin]$ $ORACLE_BASE/product/19.0.0.0/dbhome_1/jdk/bin/java -jar $ORACLE_BASE/product/19.0.0.0/dbhome_1/rdbms/admin/preupgrade.jar TERMINAL TEXT

Report generated by Oracle Database Pre-Upgrade Information Tool Version
19.0.0.0.0 Build: 13 on 2023-05-19T10:15:47

Upgrade-To version: 19.0.0.0.0

=======================================
Status of the database prior to upgrade
=======================================
      Database Name:  DEV
     Container Name:  DEV
       Container ID:  0
            Version:  12.2.0.1.0
     DB Patch Level:  No Patch Bundle applied
         Compatible:  12.2.0
          Blocksize:  8192
           Platform:  Linux x86 64-bit
      Timezone File:  26
  Database log mode:  ARCHIVELOG
           Readonly:  FALSE
            Edition:  EE

  Oracle Component                       Upgrade Action    Current Status
  ----------------                       --------------    --------------
  Oracle Server                          [to be upgraded]  VALID
  JServer JAVA Virtual Machine           [to be upgraded]  VALID
  Oracle XDK for Java                    [to be upgraded]  VALID
  Real Application Clusters              [to be upgraded]  OPTION OFF
  Oracle Workspace Manager               [to be upgraded]  VALID
  OLAP Analytic Workspace                [to be upgraded]  VALID
  Oracle Label Security                  [to be upgraded]  VALID
  Oracle Database Vault                  [to be upgraded]  VALID
  Oracle Text                            [to be upgraded]  VALID
  Oracle XML Database                    [to be upgraded]  VALID
  Oracle Java Packages                   [to be upgraded]  VALID
  Oracle Multimedia                      [to be upgraded]  VALID
  Oracle Spatial                         [to be upgraded]  VALID
  Oracle OLAP API                        [to be upgraded]  VALID

==============
BEFORE UPGRADE
==============

  REQUIRED ACTIONS
  ================
  1.  Set DB_RECOVERY_FILE_DEST_SIZE initialization parameter to at least 8247
      MB.  Check alert log during the upgrade to ensure there is remaining free
      space available in the recovery area.

      DB_RECOVERY_FILE_DEST_SIZE is set at 8016 MB.  There is currently 7005 MB
      of free space remaining, which may not be adequate for the upgrade.

      Currently:
       Fast recovery area :  /u01/app/oracle/fast_recovery_area/DEV
       Limit              :  8016 MB
       Used               :  1011 MB
       Available          :  7005 MB

      The database has archivelog and flashback enabled, and the upgrade
      process will need free space to generate archived and flashback logs to
      the recovery area specified by initialization parameter
      DB_RECOVERY_FILE_DEST.  The logs generated must not overflow the limit
      set by DB_RECOVERY_FILE_DEST_SIZE, as that can cause the upgrade to not
      proceed.

  RECOMMENDED ACTIONS
  ===================
  2.  (AUTOFIXUP) Gather stale data dictionary statistics prior to database
      upgrade in off-peak time using:

        EXECUTE DBMS_STATS.GATHER_DICTIONARY_STATS;

      Dictionary statistics do not exist or are stale (not up-to-date).

      Dictionary statistics help the Oracle optimizer find efficient SQL
      execution plans and are essential for proper upgrade timing. Oracle
      recommends gathering dictionary statistics in the last 24 hours before
      database upgrade.

      For information on managing optimizer statistics, refer to the 12.2.0.1
      Oracle Database SQL Tuning Guide.

  3.  (AUTOFIXUP) Gather statistics on fixed objects prior to the upgrade using
      the command:

        EXECUTE DBMS_STATS.GATHER_FIXED_OBJECTS_STATS;

      None of the fixed object tables have had stats collected.

      Gathering statistics on fixed objects, if none have been gathered yet, is
      recommended prior to upgrading.

      For information on managing optimizer statistics, refer to the 12.2.0.1
      Oracle Database SQL Tuning Guide.

  INFORMATION ONLY
  ================
  4.  Here are ALL the components in this database registry:

      Component Current     Current     Original    Previous    Component
      CID       Version     Status      Version     Version     Schema
      --------- ----------- ----------- ----------- ----------- -----------
      APS       12.2.0.1.0  VALID                               SYS
      CATALOG   12.2.0.1.0  VALID                               SYS
      CATJAVA   12.2.0.1.0  VALID                               SYS
      CATPROC   12.2.0.1.0  VALID                               SYS
      CONTEXT   12.2.0.1.0  VALID                               CTXSYS
      DV        12.2.0.1.0  VALID                               DVSYS
      JAVAVM    12.2.0.1.0  VALID                               SYS
      OLS       12.2.0.1.0  VALID                               LBACSYS
      ORDIM     12.2.0.1.0  VALID                               ORDSYS
      OWM       12.2.0.1.0  VALID                               WMSYS
      RAC       12.2.0.1.0  OPTION OFF                          SYS
      SDO       12.2.0.1.0  VALID                               MDSYS
      XDB       12.2.0.1.0  VALID                               XDB
      XML       12.2.0.1.0  VALID                               SYS
      XOQ       12.2.0.1.0  VALID                               OLAPSYS

      Review the information before upgrading.

  5.  To help you keep track of your tablespace allocations, the following
      AUTOEXTEND tablespaces are expected to successfully EXTEND during the
      upgrade process.

                                                 Min Size
      Tablespace                        Size     For Upgrade
      ----------                     ----------  -----------
      SYSAUX                             470 MB       500 MB
      SYSTEM                             800 MB       912 MB
      TEMP                                32 MB       150 MB
      UNDOTBS1                            70 MB       439 MB

      Minimum tablespace sizes for upgrade are estimates.

  6.  Check the Oracle Backup and Recovery User's Guide for information on how
      to manage an RMAN recovery catalog schema.

      If you are using a version of the recovery catalog schema that is older
      than that required by the RMAN client version, then you must upgrade the
      catalog schema.

      It is good practice to have the catalog schema the same or higher version
      than the RMAN client version you are using.

  7.  Here is a count of invalid objects by Oracle-maintained users:

      Oracle-Maintained User Name                 Number of INVALID Objects
      ---------------------------                 -------------------------
      None                                        None

      Review the information before upgrading.

  8.  Here is a count of invalid objects by Application users:

      Application User Name                       Number of INVALID Objects
      ---------------------------                 -------------------------
      None                                        None

      Review the information before upgrading.

  ORACLE GENERATED FIXUP SCRIPT
  =============================
  All of the issues in database DEV
  which are identified above as BEFORE UPGRADE "(AUTOFIXUP)" can be resolved by
  executing the following

    SQL>@/u01/app/oracle/cfgtoollogs/DEV/preupgrade/preupgrade_fixups.sql

=============
AFTER UPGRADE
=============

  REQUIRED ACTIONS
  ================
  None

  RECOMMENDED ACTIONS
  ===================
  9.  Upgrade the database time zone file using the DBMS_DST package.

      The database is using time zone file version 26 and the target 19 release
      ships with time zone file version 32.

      Oracle recommends upgrading to the desired (latest) version of the time
      zone file.  For more information, refer to "Upgrading the Time Zone File
      and Timestamp with Time Zone Data" in the 19 Oracle Database
      Globalization Support Guide.

  10. (AUTOFIXUP) Gather dictionary statistics after the upgrade using the
      command:

        EXECUTE DBMS_STATS.GATHER_DICTIONARY_STATS;

      Oracle recommends gathering dictionary statistics after upgrade.

      Dictionary statistics provide essential information to the Oracle
      optimizer to help it find efficient SQL execution plans. After a database
      upgrade, statistics need to be re-gathered as there can now be tables
      that have significantly changed during the upgrade or new tables that do
      not have statistics gathered yet.

  11. Gather statistics on fixed objects after the upgrade and when there is a
      representative workload on the system using the command:

        EXECUTE DBMS_STATS.GATHER_FIXED_OBJECTS_STATS;

      This recommendation is given for all preupgrade runs.

      Fixed object statistics provide essential information to the Oracle
      optimizer to help it find efficient SQL execution plans.  Those
      statistics are specific to the Oracle Database release that generates
      them, and can be stale upon database upgrade.

      For information on managing optimizer statistics, refer to the 12.2.0.1
      Oracle Database SQL Tuning Guide.

  ORACLE GENERATED FIXUP SCRIPT
  =============================
  All of the issues in database DEV
  which are identified above as AFTER UPGRADE "(AUTOFIXUP)" can be resolved by
  executing the following

    SQL>@/u01/app/oracle/cfgtoollogs/DEV/preupgrade/postupgrade_fixups.sql


==================
PREUPGRADE SUMMARY
==================
  /u01/app/oracle/cfgtoollogs/DEV/preupgrade/preupgrade.log
  /u01/app/oracle/cfgtoollogs/DEV/preupgrade/preupgrade_fixups.sql
  /u01/app/oracle/cfgtoollogs/DEV/preupgrade/postupgrade_fixups.sql

Execute fixup scripts as indicated below:

Before upgrade:

Log into the database and execute the preupgrade fixups
@/u01/app/oracle/cfgtoollogs/DEV/preupgrade/preupgrade_fixups.sql

After the upgrade:

Log into the database and execute the postupgrade fixups
@/u01/app/oracle/cfgtoollogs/DEV/preupgrade/postupgrade_fixups.sql

Preupgrade complete: 2023-05-19T10:15:48
[oracle@oraclelab1 admin]$
[oracle@oraclelab1 admin]$ . oraenv^C
[oracle@oraclelab1 admin]$
[oracle@oraclelab1 admin]$
[oracle@oraclelab1 admin]$ sqlplus  / as sysdba

SQL*Plus: Release 12.2.0.1.0 Production on Fri May 19 10:22:55 2023

Copyright (c) 1982, 2016, Oracle.  All rights reserved.


Connected to:
Oracle Database 12c Enterprise Edition Release 12.2.0.1.0 - 64bit Production

SQL> EXECUTE DBMS_STATS.GATHER_DICTIONARY_STATS;

PL/SQL procedure successfully completed.

SQL> EXECUTE DBMS_STATS.GATHER_FIXED_OBJECTS_STATS;

PL/SQL procedure successfully completed.

SQL> @/u01/app/oracle/cfgtoollogs/DEV/preupgrade/preupgrade_fixups.sql
Executing Oracle PRE-Upgrade Fixup Script

Auto-Generated by:       Oracle Preupgrade Script
                         Version: 19.0.0.0.0 Build: 13
Generated on:            2023-05-19 10:15:00

For Source Database:     DEV
Source Database Version: 12.2.0.1.0
For Upgrade to Version:  19.0.0.0.0

Preup                             Preupgrade
Action                            Issue Is
Number  Preupgrade Check Name     Remedied    Further DBA Action
------  ------------------------  ----------  --------------------------------
    1.  min_recovery_area_size    NO          Manual fixup required.
    2.  dictionary_stats          YES         None.
    3.  pre_fixed_objects         YES         None.
    4.  component_info            NO          Informational only.
                                              Further action is optional.
    5.  tablespaces_info          NO          Informational only.
                                              Further action is optional.
    6.  rman_recovery_version     NO          Informational only.
                                              Further action is optional.
    7.  invalid_ora_obj_info      NO          Informational only.
                                              Further action is optional.
    8.  invalid_app_obj_info      NO          Informational only.
                                              Further action is optional.

The fixup scripts have been run and resolved what they can. However,
there are still issues originally identified by the preupgrade that
have not been remedied and are still present in the database.
Depending on the severity of the specific issue, and the nature of
the issue itself, that could mean that your database is not ready
for upgrade.  To resolve the outstanding issues, start by reviewing
the preupgrade_fixups.sql and searching it for the name of
the failed CHECK NAME or Preupgrade Action Number listed above.
There you will find the original corresponding diagnostic message
from the preupgrade which explains in more detail what still needs
to be done.

PL/SQL procedure successfully completed.

SQL> exit
Disconnected from Oracle Database 12c Enterprise Edition Release 12.2.0.1.0 - 64bit Production
[oracle@oraclelab1 admin]$ sqlplus  / as sysdba

SQL*Plus: Release 12.2.0.1.0 Production on Fri May 19 10:27:16 2023

Copyright (c) 1982, 2016, Oracle.  All rights reserved.


Connected to:
Oracle Database 12c Enterprise Edition Release 12.2.0.1.0 - 64bit Production

SQL> sqlplus / as sysdba
SP2-0734: unknown command beginning "sqlplus / ..." - rest of line ignored.
SQL> shut immediate;
Database closed.
Database dismounted.
ORACLE instance shut down.
SQL> exit
Disconnected from Oracle Database 12c Enterprise Edition Release 12.2.0.1.0 - 64bit Production
[oracle@oraclelab1 admin]$ cd $ORACLE_HOME
[oracle@oraclelab1 dbhome_1]$ cd dbs
[oracle@oraclelab1 dbs]$ ls -ltr *spfileDEV.ora*
-rw-r-----. 1 oracle oinstall 3584 May 19 10:15 spfileDEV.ora
[oracle@oraclelab1 dbs]$ pwd
/u01/app/oracle/product/12.2.0.1/dbhome_1/dbs
[oracle@oraclelab1 dbs]$ cp spfileDEV.ora /u01/app/oracle/product/19.0.0.0/dbhome_1/dbs
[oracle@oraclelab1 dbs]$ cd /u01/app/oracle/product/19.0.0.0/dbhome_1/dbs
[oracle@oraclelab1 dbs]$ pwd
/u01/app/oracle/product/19.0.0.0/dbhome_1/dbs
[oracle@oraclelab1 dbs]$ ls -ltr *spfileDEV.ora*
-rw-r-----. 1 oracle oinstall 3584 May 19 10:28 spfileDEV.ora
[oracle@oraclelab1 dbs]$
[oracle@oraclelab1 dbs]$
[oracle@oraclelab1 dbs]$
[oracle@oraclelab1 dbs]$
[oracle@oraclelab1 dbs]$
[oracle@oraclelab1 dbs]$ env |grep ORA
ORACLE_SID=DEV
ORACLE_BASE=/u01/app/oracle
ORACLE_HOME=/u01/app/oracle/product/12.2.0.1/dbhome_1
[oracle@oraclelab1 dbs]$ export ORACLE_HOME=/u01/app/oracle/product/19.0.0.0/dbhome_1
[oracle@oraclelab1 dbs]$
[oracle@oraclelab1 dbs]$
[oracle@oraclelab1 dbs]$
[oracle@oraclelab1 dbs]$ sqlplus / as sysdba

SQL*Plus: Release 12.2.0.1.0 Production on Fri May 19 10:29:52 2023

Copyright (c) 1982, 2016, Oracle.  All rights reserved.

Connected to an idle instance.

SQL> startup upgrade;
ORACLE instance started.

Total System Global Area 3690985856 bytes
Fixed Size                  8903040 bytes
Variable Size             754974720 bytes
Database Buffers         2919235584 bytes
Redo Buffers                7872512 bytes
Database mounted.
Database opened.
SQL> show parameter spfile

NAME                                 TYPE        VALUE
------------------------------------ ----------- ------------------------------
spfile                               string      /u01/app/oracle/product/19.0.0
                                                 .0/dbhome_1/dbs/spfileDEV.ora
SQL> exit
Disconnected from Oracle Database 19c Enterprise Edition Release 19.0.0.0.0 - Production
[oracle@oraclelab1 dbs]$ $ORACLE_HOME/bin/dbupgrade

Argument list for [/u01/app/oracle/product/19.0.0.0/dbhome_1/rdbms/admin/catctl.pl]
For Oracle internal use only A = 0
Run in                       c = 0
Do not run in                C = 0
Input Directory              d = 0
Echo OFF                     e = 1
Simulate                     E = 0
Forced cleanup               F = 0
Log Id                       i = 0
Child Process                I = 0
Log Dir                      l = 0
Priority List Name           L = 0
Upgrade Mode active          M = 0
SQL Process Count            n = 0
SQL PDB Process Count        N = 0
Open Mode Normal             o = 0
Start Phase                  p = 0
End Phase                    P = 0
Reverse Order                r = 0
AutoUpgrade Resume           R = 0
Script                       s = 0
Serial Run                   S = 0
RO User Tablespaces          T = 0
Display Phases               y = 0
Debug catcon.pm              z = 0
Debug catctl.pl              Z = 0

catctl.pl VERSION: [19.0.0.0.0]
           STATUS: [Production]
            BUILD: [RDBMS_19.17.0.0.0DBRU_LINUX.X64_220924]


/u01/app/oracle/product/19.0.0.0/dbhome_1/rdbms/admin/orahome = [/u01/app/oracle/product/19.0.0.0/dbhome_1]
/u01/app/oracle/product/19.0.0.0/dbhome_1/bin/orabasehome = [/u01/app/oracle/product/19.0.0.0/dbhome_1]
catctlGetOraBaseLogDir = [/u01/app/oracle/product/19.0.0.0/dbhome_1]

Analyzing file /u01/app/oracle/product/19.0.0.0/dbhome_1/rdbms/admin/catupgrd.sql

Log file directory = [/tmp/cfgtoollogs/upgrade20230519103111]

catcon::set_log_file_base_path: ALL catcon-related output will be written to [/tmp/cfgtoollogs/upgrade20230519103111/catupgrd_catcon_29182.lst]

catcon::set_log_file_base_path: catcon: See [/tmp/cfgtoollogs/upgrade20230519103111/catupgrd*.log] files for output generated by scripts

catcon::set_log_file_base_path: catcon: See [/tmp/cfgtoollogs/upgrade20230519103111/catupgrd_*.lst] files for spool files, if any


Number of Cpus        = 2
Database Name         = DEV
DataBase Version      = 12.2.0.1.0
catcon::set_log_file_base_path: ALL catcon-related output will be written to [/u01/app/oracle/product/19.0.0.0/dbhome_1/cfgtoollogs/DEV/upgrade20230519103112/catupgrd_catcon_29182.lst]

catcon::set_log_file_base_path: catcon: See [/u01/app/oracle/product/19.0.0.0/dbhome_1/cfgtoollogs/DEV/upgrade20230519103112/catupgrd*.log] files for output generated by scripts

catcon::set_log_file_base_path: catcon: See [/u01/app/oracle/product/19.0.0.0/dbhome_1/cfgtoollogs/DEV/upgrade20230519103112/catupgrd_*.lst] files for spool files, if any


Log file directory = [/u01/app/oracle/product/19.0.0.0/dbhome_1/cfgtoollogs/DEV/upgrade20230519103112]

Parallel SQL Process Count            = 4
Components in [DEV]
    Installed [APS CATALOG CATJAVA CATPROC CONTEXT DV JAVAVM OLS ORDIM OWM SDO XDB XML XOQ]
Not Installed [APEX EM MGW ODM RAC WK]
DataBase Version      = 12.2.0.1.0

------------------------------------------------------
Phases [0-107]         Start Time:[2023_05_19 10:31:13]
------------------------------------------------------
***********   Executing Change Scripts   ***********
Serial   Phase #:0    [DEV] Files:1    Time: 22s
***************   Catalog Core SQL   ***************
Serial   Phase #:1    [DEV] Files:5    Time: 64s
Restart  Phase #:2    [DEV] Files:1    Time: 0s
***********   Catalog Tables and Views   ***********
Parallel Phase #:3    [DEV] Files:19   Time: 31s
Restart  Phase #:4    [DEV] Files:1    Time: 1s
*************   Catalog Final Scripts   ************
Serial   Phase #:5    [DEV] Files:7    Time: 16s
*****************   Catproc Start   ****************
Serial   Phase #:6    [DEV] Files:1    Time: 11s
*****************   Catproc Types   ****************
Serial   Phase #:7    [DEV] Files:2    Time: 12s
Restart  Phase #:8    [DEV] Files:1    Time: 0s
****************   Catproc Tables   ****************
Parallel Phase #:9    [DEV] Files:70   Time: 27s
Restart  Phase #:10   [DEV] Files:1    Time: 0s
*************   Catproc Package Specs   ************
Serial   Phase #:11   [DEV] Files:1    Time: 81s
Restart  Phase #:12   [DEV] Files:1    Time: 0s
**************   Catproc Procedures   **************
Parallel Phase #:13   [DEV] Files:95   Time: 6s
Restart  Phase #:14   [DEV] Files:1    Time: 1s
Parallel Phase #:15   [DEV] Files:122  Time: 13s
Restart  Phase #:16   [DEV] Files:1    Time: 0s
Serial   Phase #:17   [DEV] Files:25   Time: 3s
Restart  Phase #:18   [DEV] Files:1    Time: 0s
*****************   Catproc Views   ****************
Parallel Phase #:19   [DEV] Files:32   Time: 17s
Restart  Phase #:20   [DEV] Files:1    Time: 0s
Serial   Phase #:21   [DEV] Files:3    Time: 11s
Restart  Phase #:22   [DEV] Files:1    Time: 0s
Parallel Phase #:23   [DEV] Files:25   Time: 164s
Restart  Phase #:24   [DEV] Files:1    Time: 0s
Parallel Phase #:25   [DEV] Files:12   Time: 117s
Restart  Phase #:26   [DEV] Files:1    Time: 0s
Serial   Phase #:27   [DEV] Files:1    Time: 0s
Serial   Phase #:28   [DEV] Files:5    Time: 3s
Serial   Phase #:29   [DEV] Files:1    Time: 0s
Restart  Phase #:30   [DEV] Files:1    Time: 1s
***************   Catproc CDB Views   **************
Serial   Phase #:31   [DEV] Files:1    Time: 0s
Restart  Phase #:32   [DEV] Files:1    Time: 0s
Serial   Phase #:34   [DEV] Files:1    Time: 0s
*****************   Catproc PLBs   *****************
Serial   Phase #:35   [DEV] Files:297  Time: 24s
Serial   Phase #:36   [DEV] Files:1    Time: 0s
Restart  Phase #:37   [DEV] Files:1    Time: 0s
Serial   Phase #:38   [DEV] Files:10   Time: 3s
Restart  Phase #:39   [DEV] Files:1    Time: 0s
***************   Catproc DataPump   ***************
Serial   Phase #:40   [DEV] Files:3    Time: 42s
Restart  Phase #:41   [DEV] Files:1    Time: 0s
******************   Catproc SQL   *****************
Parallel Phase #:42   [DEV] Files:13   Time: 125s
Restart  Phase #:43   [DEV] Files:1    Time: 0s
Parallel Phase #:44   [DEV] Files:11   Time: 5s
Restart  Phase #:45   [DEV] Files:1    Time: 1s
Parallel Phase #:46   [DEV] Files:3    Time: 0s
Restart  Phase #:47   [DEV] Files:1    Time: 1s
*************   Final Catproc scripts   ************
Serial   Phase #:48   [DEV] Files:1    Time: 8s
Restart  Phase #:49   [DEV] Files:1    Time: 0s
**************   Final RDBMS scripts   *************
Serial   Phase #:50   [DEV] Files:1    Time: 6s
************   Upgrade Component Start   ***********
Serial   Phase #:51   [DEV] Files:1    Time: 1s
Restart  Phase #:52   [DEV] Files:1    Time: 0s
**********   Upgrading Java and non-Java   *********
Serial   Phase #:53   [DEV] Files:2    Time: 297s
*****************   Upgrading XDB   ****************
Restart  Phase #:54   [DEV] Files:1    Time: 0s
Serial   Phase #:56   [DEV] Files:3    Time: 7s
Serial   Phase #:57   [DEV] Files:3    Time: 2s
Parallel Phase #:58   [DEV] Files:10   Time: 3s
Parallel Phase #:59   [DEV] Files:25   Time: 5s
Serial   Phase #:60   [DEV] Files:4    Time: 9s
Serial   Phase #:61   [DEV] Files:1    Time: 0s
Serial   Phase #:62   [DEV] Files:32   Time: 5s
Serial   Phase #:63   [DEV] Files:1    Time: 0s
Parallel Phase #:64   [DEV] Files:6    Time: 6s
Serial   Phase #:65   [DEV] Files:2    Time: 17s
Serial   Phase #:66   [DEV] Files:3    Time: 36s
****************   Upgrading ORDIM   ***************
Restart  Phase #:67   [DEV] Files:1    Time: 0s
Serial   Phase #:69   [DEV] Files:1    Time: 1s
Parallel Phase #:70   [DEV] Files:2    Time: 88s
Restart  Phase #:71   [DEV] Files:1    Time: 0s
Parallel Phase #:72   [DEV] Files:2    Time: 1s
Serial   Phase #:73   [DEV] Files:2    Time: 0s
*****************   Upgrading SDO   ****************
Restart  Phase #:74   [DEV] Files:1    Time: 0s
Serial   Phase #:76   [DEV] Files:1    Time: 34s
Serial   Phase #:77   [DEV] Files:2    Time: 2s
Restart  Phase #:78   [DEV] Files:1    Time: 0s
Serial   Phase #:79   [DEV] Files:1    Time: 36s
Restart  Phase #:80   [DEV] Files:1    Time: 0s
Parallel Phase #:81   [DEV] Files:3    Time: 58s
Restart  Phase #:82   [DEV] Files:1    Time: 0s
Serial   Phase #:83   [DEV] Files:1    Time: 5s
Restart  Phase #:84   [DEV] Files:1    Time: 0s
Serial   Phase #:85   [DEV] Files:1    Time: 8s
Restart  Phase #:86   [DEV] Files:1    Time: 0s
Parallel Phase #:87   [DEV] Files:4    Time: 107s
Restart  Phase #:88   [DEV] Files:1    Time: 0s
Serial   Phase #:89   [DEV] Files:1    Time: 1s
Restart  Phase #:90   [DEV] Files:1    Time: 0s
Serial   Phase #:91   [DEV] Files:2    Time: 19s
Restart  Phase #:92   [DEV] Files:1    Time: 0s
Serial   Phase #:93   [DEV] Files:1    Time: 0s
Restart  Phase #:94   [DEV] Files:1    Time: 1s
*******   Upgrading ODM, WK, EXF, RUL, XOQ   *******
Serial   Phase #:95   [DEV] Files:1    Time: 17s
Restart  Phase #:96   [DEV] Files:1    Time: 0s
***********   Final Component scripts    ***********
Serial   Phase #:97   [DEV] Files:1    Time: 4s
*************   Final Upgrade scripts   ************
Serial   Phase #:98   [DEV] Files:1    Time: 107s
*******************   Migration   ******************
Serial   Phase #:99   [DEV] Files:1    Time: 0s
***   End PDB Application Upgrade Pre-Shutdown   ***
Serial   Phase #:100  [DEV] Files:1    Time: 1s
Serial   Phase #:101  [DEV] Files:1    Time: 0s
Serial   Phase #:102  [DEV] Files:1    Time: 38s
*****************   Post Upgrade   *****************
Serial   Phase #:103  [DEV] Files:1    Time: 1s
****************   Summary report   ****************
Serial   Phase #:104  [DEV] Files:1    Time: 1s
***   End PDB Application Upgrade Post-Shutdown   **
Serial   Phase #:105  [DEV] Files:1    Time: 0s
Serial   Phase #:106  [DEV] Files:1    Time: 0s
Serial   Phase #:107  [DEV] Files:1     Time: 54s

------------------------------------------------------
Phases [0-107]         End Time:[2023_05_19 11:01:01]
------------------------------------------------------

Grand Total Time: 1790s

 LOG FILES: (/u01/app/oracle/product/19.0.0.0/dbhome_1/cfgtoollogs/DEV/upgrade20230519103112/catupgrd*.log)

Upgrade Summary Report Located in:
/u01/app/oracle/product/19.0.0.0/dbhome_1/cfgtoollogs/DEV/upgrade20230519103112/upg_summary.log

Grand Total Upgrade Time:    [0d:0h:29m:50s]
[oracle@oraclelab1 dbs]$ cat /u01/app/oracle/product/19.0.0.0/dbhome_1/cfgtoollogs/DEV/upgrade20230519103112/upg_summary.log

Oracle Database Release 19 Post-Upgrade Status Tool    05-19-2023 11:00:0
Database Name: DEV

Component                               Current         Full     Elapsed Time
Name                                    Status          Version  HH:MM:SS

Oracle Server                          UPGRADED     19.17.0.0.0  00:13:35
JServer JAVA Virtual Machine           UPGRADED     19.17.0.0.0  00:01:02
Oracle XDK                             UPGRADED     19.17.0.0.0  00:01:09
Oracle Database Java Packages          UPGRADED     19.17.0.0.0  00:00:16
OLAP Analytic Workspace                UPGRADED     19.17.0.0.0  00:00:11
Oracle Label Security                  UPGRADED     19.17.0.0.0  00:00:11
Oracle Database Vault                  UPGRADED     19.17.0.0.0  00:00:38
Oracle Text                            UPGRADED     19.17.0.0.0  00:00:54
Oracle Workspace Manager               UPGRADED     19.17.0.0.0  00:00:31
Oracle Real Application Clusters       UPGRADED     19.17.0.0.0  00:00:00
Oracle XML Database                    UPGRADED     19.17.0.0.0  00:01:27
Oracle Multimedia                      UPGRADED     19.17.0.0.0  00:01:29
Spatial                                UPGRADED     19.17.0.0.0  00:04:29
Oracle OLAP API                        UPGRADED     19.17.0.0.0  00:00:16
Datapatch                                                        00:01:39
Final Actions                                                    00:01:47
Post Upgrade                                                     00:00:00

Total Upgrade Time: 00:28:12

Database time zone version is 26. It is older than current release time
zone version 32. Time zone upgrade is needed using the DBMS_DST package.

Grand Total Upgrade Time:    [0d:0h:29m:50s]
[oracle@oraclelab1 dbs]$
[oracle@oraclelab1 dbs]$
[oracle@oraclelab1 dbs]$
[oracle@oraclelab1 dbs]$ exit
logout
[root@oraclelab1 patches]# su - oracle
Last login: Fri May 19 10:23:33 IST 2023 on pts/4
[oracle@oraclelab1 ~]$ ps -ef|grep smon
oracle    1550     1  0 10:53 ?        00:00:00 ora_smon_TEST
oracle    4441  4393  0 11:01 pts/2    00:00:00 grep --color=auto smon
oracle   17745     1  0 08:34 ?        00:00:00 ora_smon_UAT
[oracle@oraclelab1 ~]$ . oraenv
ORACLE_SID = [DEVDB] ? DEV
The Oracle base remains unchanged with value /u01/app/oracle
[oracle@oraclelab1 ~]$ vi /etc/oratab
[oracle@oraclelab1 ~]$
[oracle@oraclelab1 ~]$ . oraenv
ORACLE_SID = [DEV] ?
The Oracle base remains unchanged with value /u01/app/oracle
[oracle@oraclelab1 ~]$
[oracle@oraclelab1 ~]$
[oracle@oraclelab1 ~]$ env |grep ORA
ORACLE_SID=DEV
ORACLE_BASE=/u01/app/oracle
ORACLE_HOME=/u01/app/oracle/product/19.0.0.0/dbhome_1
[oracle@oraclelab1 ~]$ sqlplus / as sysdba

SQL*Plus: Release 19.0.0.0.0 - Production on Fri May 19 11:02:54 2023
Version 19.17.0.0.0

Copyright (c) 1982, 2022, Oracle.  All rights reserved.

Connected to an idle instance.

SQL> startup;
ORACLE instance started.

Total System Global Area 3690985856 bytes
Fixed Size                  8903040 bytes
Variable Size             822083584 bytes
Database Buffers         2852126720 bytes
Redo Buffers                7872512 bytes
Database mounted.
Database opened.
SQL>
SQL>
SQL> exit
Disconnected from Oracle Database 19c Enterprise Edition Release 19.0.0.0.0 - Production
Version 19.17.0.0.0
[oracle@oraclelab1 ~]$
[oracle@oraclelab1 ~]$ sqlplus / as sysdba

SQL*Plus: Release 19.0.0.0.0 - Production on Fri May 19 11:03:56 2023
Version 19.17.0.0.0

Copyright (c) 1982, 2022, Oracle.  All rights reserved.


Connected to:
Oracle Database 19c Enterprise Edition Release 19.0.0.0.0 - Production
Version 19.17.0.0.0

SQL> EXECUTE DBMS_STATS.GATHER_DICTIONARY_STATS;

PL/SQL procedure successfully completed.

SQL> EXECUTE DBMS_STATS.GATHER_FIXED_OBJECTS_STATS;

PL/SQL procedure successfully completed.

SQL> @/u01/app/oracle/cfgtoollogs/DEV/preupgrade/postupgrade_fixups.sql

Session altered.


PL/SQL procedure successfully completed.


PL/SQL procedure successfully completed.


PL/SQL procedure successfully completed.


Package created.

No errors.

Package body created.


PL/SQL procedure successfully completed.

No errors.





Package created.

No errors.

Package body created.

No errors.
Executing Oracle POST-Upgrade Fixup Script

Auto-Generated by:       Oracle Preupgrade Script
                         Version: 19.0.0.0.0 Build: 13
Generated on:            2023-05-19 10:15:47

For Source Database:     DEV
Source Database Version: 12.2.0.1.0
For Upgrade to Version:  19.0.0.0.0

Preup                             Preupgrade
Action                            Issue Is
Number  Preupgrade Check Name     Remedied    Further DBA Action
------  ------------------------  ----------  --------------------------------
    9.  old_time_zones_exist      NO          Manual fixup recommended.
   10.  post_dictionary           YES         None.
   11.  post_fixed_objects        NO          Informational only.
                                              Further action is optional.

The fixup scripts have been run and resolved what they can. However,
there are still issues originally identified by the preupgrade that
have not been remedied and are still present in the database.
Depending on the severity of the specific issue, and the nature of
the issue itself, that could mean that your database upgrade is not
fully complete.  To resolve the outstanding issues, start by reviewing
the postupgrade_fixups.sql and searching it for the name of
the failed CHECK NAME or Preupgrade Action Number listed above.
There you will find the original corresponding diagnostic message
from the preupgrade which explains in more detail what still needs
to be done.

PL/SQL procedure successfully completed.


Session altered.

SQL> exit
Disconnected from Oracle Database 19c Enterprise Edition Release 19.0.0.0.0 - Production
Version 19.17.0.0.0
[oracle@oraclelab1 ~]$ sqlplus / as sysdba

SQL*Plus: Release 19.0.0.0.0 - Production on Fri May 19 11:09:23 2023
Version 19.17.0.0.0

Copyright (c) 1982, 2022, Oracle.  All rights reserved.


Connected to:
Oracle Database 19c Enterprise Edition Release 19.0.0.0.0 - Production
Version 19.17.0.0.0

SQL> SELECT * FROM v$timezone_file;

FILENAME                VERSION     CON_ID
-------------------- ---------- ----------
timezlrg_26.dat              26          0

SQL> column owner format a15
column object_name format a40
column object_type format a20
select owner, object_name, object_type from dba_objects where status='INVALID' and owner like '%SYS%' order by object_type,owner,object_name;
SQL> SQL> SQL>
OWNER           OBJECT_NAME                              OBJECT_TYPE
--------------- ---------------------------------------- --------------------
SYS             AQ$_AQ$_MEM_MC_V                         EVALUATION CONTEXT
SYS             AQ$_AQ_PROP_TABLE_V                      EVALUATION CONTEXT
SYS             AQ$_ORA$PREPLUGIN_BACKUP_QTB_V           EVALUATION CONTEXT
SYS             AQ$_SCHEDULER$_EVENT_QTAB_V              EVALUATION CONTEXT
SYS             AQ$_SCHEDULER$_REMDB_JOBQTAB_V           EVALUATION CONTEXT
SYS             AQ$_SCHEDULER_FILEWATCHER_QT_V           EVALUATION CONTEXT
SYS             AQ$_SYS$SERVICE_METRICS_TAB_V            EVALUATION CONTEXT
SYS             DV$RULE_EVALCTX                          EVALUATION CONTEXT
DVSYS           CLAUSE_NAME                              FUNCTION
DVSYS           DV_DATABASE_NAME                         FUNCTION
DVSYS           DV_DICT_OBJ_OWNER                        FUNCTION

OWNER           OBJECT_NAME                              OBJECT_TYPE
--------------- ---------------------------------------- --------------------
DVSYS           DV_DICT_OBJ_TYPE                         FUNCTION
DVSYS           DV_INSTANCE_NUM                          FUNCTION
DVSYS           DV_JOB_INVOKER                           FUNCTION
DVSYS           DV_JOB_OWNER                             FUNCTION
DVSYS           DV_LOGIN_USER                            FUNCTION
DVSYS           EVENT_ACTION                             FUNCTION
DVSYS           EVENT_ACTION_LEVEL                       FUNCTION
DVSYS           EVENT_LEVEL                              FUNCTION
DVSYS           EVENT_NAME                               FUNCTION
DVSYS           EVENT_TARGET                             FUNCTION
DVSYS           PARAMETER_NAME                           FUNCTION

OWNER           OBJECT_NAME                              OBJECT_TYPE
--------------- ---------------------------------------- --------------------
DVSYS           PARAMETER_VALUE                          FUNCTION
LBACSYS         FETCH_ILABEL                             FUNCTION
MDSYS           GET_TOPO_GEOMETRY_LAYER_ARRAY            FUNCTION
MDSYS           GET_TOPO_GEOMETRY_LAYER_TABLE            FUNCTION
SYS             DBJ_LONG_NAME                            FUNCTION
SYSTEM          LOGMNR$COL_GG_TABF_PUBLIC                FUNCTION
SYSTEM          LOGMNR$GSBA_GG_TABF_PUBLIC               FUNCTION
SYSTEM          LOGMNR$KEY_GG_TABF_PUBLIC                FUNCTION
SYSTEM          LOGMNR$SEQ_GG_TABF_PUBLIC                FUNCTION
SYSTEM          LOGMNR$TAB_GG_TABF_PUBLIC                FUNCTION
SYSTEM          LOGMNR$USER_GG_TABF_PUBLIC               FUNCTION

OWNER           OBJECT_NAME                              OBJECT_TYPE
--------------- ---------------------------------------- --------------------
LBACSYS         LBAC$STD_LIBT                            LIBRARY
ORDSYS          ORDIMLIBS                                LIBRARY
SYS             CRYPTO_INTERNAL_LIB                      LIBRARY
SYS             CRYPTO_TOOLKIT_LIBRARY                   LIBRARY
SYS             DBMS_ADR_LIB                             LIBRARY
SYS             DBMS_APBACKEND_LIB                       LIBRARY
SYS             DBMS_APP_CONT_LIB                        LIBRARY
SYS             DBMS_AQELM_LIB                           LIBRARY
SYS             DBMS_AUDIT_UTIL_LIB                      LIBRARY
SYS             DBMS_CHNF_LIB                            LIBRARY
SYS             DBMS_CONNECTION_POOL_LIB                 LIBRARY

OWNER           OBJECT_NAME                              OBJECT_TYPE
--------------- ---------------------------------------- --------------------
SYS             DBMS_EXTENDED_TTS_CHECKS_LIB             LIBRARY
SYS             DBMS_FBT_LIB                             LIBRARY
SYS             DBMS_FDA_LIB                             LIBRARY
SYS             DBMS_FGA_LIB                             LIBRARY
SYS             DBMS_FILE_TRANSFER_LIB                   LIBRARY
SYS             DBMS_HANG_MANAGER_LIB                    LIBRARY
SYS             DBMS_HDM_LIB                             LIBRARY
SYS             DBMS_HPROF_LIB                           LIBRARY
SYS             DBMS_ILM_LIB                             LIBRARY
SYS             DBMS_INMEMORY_LIB                        LIBRARY
SYS             DBMS_LDAP_API_LIB                        LIBRARY

OWNER           OBJECT_NAME                              OBJECT_TYPE
--------------- ---------------------------------------- --------------------
SYS             DBMS_MAP_LIB                             LIBRARY
SYS             DBMS_MONITOR_LIB                         LIBRARY
SYS             DBMS_OUTLN_LIB                           LIBRARY
SYS             DBMS_PART_LIB                            LIBRARY
SYS             DBMS_PLSQL_WARNING_LIB                   LIBRARY
SYS             DBMS_PLUGTS_LIB                          LIBRARY
SYS             DBMS_PROCESS_LIB                         LIBRARY
SYS             DBMS_PROFILER_LIB                        LIBRARY
SYS             DBMS_RC_LIB                              LIBRARY
SYS             DBMS_RECO_SCRIPT_LIB                     LIBRARY
SYS             DBMS_REDACT_LIB                          LIBRARY

OWNER           OBJECT_NAME                              OBJECT_TYPE
--------------- ---------------------------------------- --------------------
SYS             DBMS_REPAIR_LIB                          LIBRARY
SYS             DBMS_REPAPI_LIB                          LIBRARY
SYS             DBMS_RESUMABLE_LIB                       LIBRARY
SYS             DBMS_ROLLING_LIB                         LIBRARY
SYS             DBMS_RWEQUIV_LIB                         LIBRARY
SYS             DBMS_SCN_LIB                             LIBRARY
SYS             DBMS_SERVER_TRACE_LIB                    LIBRARY
SYS             DBMS_SERVICE_LIB                         LIBRARY
SYS             DBMS_SPACE_ALERT_LIB                     LIBRARY
SYS             DBMS_SQADM_LIB                           LIBRARY
SYS             DBMS_SQLMON_LIB                          LIBRARY

OWNER           OBJECT_NAME                              OBJECT_TYPE
--------------- ---------------------------------------- --------------------
SYS             DBMS_SQLPA_LIB                           LIBRARY
SYS             DBMS_SQL_TRANSLATOR_LIB                  LIBRARY
SYS             DBMS_SS_LIB                              LIBRARY
SYS             DBMS_STAT_FUNCS_AUX_LIB                  LIBRARY
SYS             DBMS_STAT_FUNCS_LIB                      LIBRARY
SYS             DBMS_STORAGE_TYPE_LIB                    LIBRARY
SYS             DBMS_STREAMS_TBS_LIB                     LIBRARY
SYS             DBMS_SVRALRT_PRVT_LIB                    LIBRARY
SYS             DBMS_TG_DBG_LIB                          LIBRARY
SYS             DBMS_TLOG_LIB                            LIBRARY
SYS             DBMS_TNS_LIB                             LIBRARY

OWNER           OBJECT_NAME                              OBJECT_TYPE
--------------- ---------------------------------------- --------------------
SYS             DBMS_TRACE_LIB                           LIBRARY
SYS             DBMS_TRIGGER_LIB                         LIBRARY
SYS             DBMS_TTS_LIB                             LIBRARY
SYS             DBMS_UNDOADV_LIB                         LIBRARY
SYS             DBMS_UTL_COLL_LIB                        LIBRARY
SYS             DBMS_UTL_REF_LIB                         LIBRARY
SYS             DBMS_WLM_LIB                             LIBRARY
SYS             DBMS_WORKLOAD_CAPTURE_LIB                LIBRARY
SYS             DBMS_WORKLOAD_REPLAY_LIB                 LIBRARY
SYS             DBMS_XA_LIB                              LIBRARY
SYS             DBMS_XDS_LIB                             LIBRARY

OWNER           OBJECT_NAME                              OBJECT_TYPE
--------------- ---------------------------------------- --------------------
SYS             DBMS_XMLGEN_LIB                          LIBRARY
SYS             DBMS_XMV_LIB                             LIBRARY
SYS             DBMS_XRW_LIB                             LIBRARY
SYS             DBMS_XSP_LIB                             LIBRARY
SYS             DBMS_ZHELP_LIB                           LIBRARY
SYS             KUPDLIB                                  LIBRARY
SYS             KUPFLIB                                  LIBRARY
SYS             ODCI_EXTOPT_LIB                          LIBRARY
SYS             TDE_LIBRARY                              LIBRARY
SYS             URI_LIB                                  LIBRARY
SYS             UTL_GDK_LIB                              LIBRARY

OWNER           OBJECT_NAME                              OBJECT_TYPE
--------------- ---------------------------------------- --------------------
SYS             UTL_HTT_LIB                              LIBRARY
SYS             UTL_I18_LIB                              LIBRARY
SYS             UTL_INA_LIB                              LIBRARY
SYS             UTL_LMS_LIB                              LIBRARY
SYS             UTL_MAT_LIB                              LIBRARY
SYS             UTL_SMT_LIB                              LIBRARY
SYS             UTL_TCP_LIB                              LIBRARY
SYS             UTL_URL_LIB                              LIBRARY
AUDSYS          DBMS_AUDIT_MGMT_LSBY                     PACKAGE
LBACSYS         LBAC_ERRORS                              PACKAGE
MDSYS           PRVTPC                                   PACKAGE

OWNER           OBJECT_NAME                              OBJECT_TYPE
--------------- ---------------------------------------- --------------------
ORDSYS          ORDERRORINT                              PACKAGE
ORDSYS          ORD_DATASOURCE_PKG                       PACKAGE
ORDSYS          ORD_DICOM_ADMIN_PRV                      PACKAGE
ORDSYS          ORD_DICOM_CT                             PACKAGE
SYS             DBMS_ADVANCED_REWRITE                    PACKAGE
SYS             DBMS_APBACKEND                           PACKAGE
SYS             DBMS_AQ_EXP_ZECURITY                     PACKAGE
SYS             DBMS_AQ_IMP_ZECURITY                     PACKAGE
SYS             DBMS_AQ_SYS_EXP_ACTIONS                  PACKAGE
SYS             DBMS_AQ_SYS_IMP_INTERNAL                 PACKAGE
SYS             DBMS_ARCH_PROVIDER_INTL                  PACKAGE

OWNER           OBJECT_NAME                              OBJECT_TYPE
--------------- ---------------------------------------- --------------------
SYS             DBMS_CLIENT_RESULT_CACHE                 PACKAGE
SYS             DBMS_CONNECTION_POOL                     PACKAGE
SYS             DBMS_CRYPTO_FFI                          PACKAGE
SYS             DBMS_CRYPTO_TOOLKIT                      PACKAGE
SYS             DBMS_CRYPTO_TOOLKIT_FFI                  PACKAGE
SYS             DBMS_CRYPTO_TOOLKIT_TYPES                PACKAGE
SYS             DBMS_DATA_MINING_INTERNAL                PACKAGE
SYS             DBMS_DBVERIFY                            PACKAGE
SYS             DBMS_DDL_INTERNAL                        PACKAGE
SYS             DBMS_DG                                  PACKAGE
SYS             DBMS_DM_EXP_INTERNAL                     PACKAGE

OWNER           OBJECT_NAME                              OBJECT_TYPE
--------------- ---------------------------------------- --------------------
SYS             DBMS_EXTENDED_TTS_CHECKS                 PACKAGE
SYS             DBMS_FEATURE_USAGE_INTERNAL              PACKAGE
SYS             DBMS_GOLDENGATE_ADM_INT_INVOK            PACKAGE
SYS             DBMS_GOLDENGATE_AUTH                     PACKAGE
SYS             DBMS_HADOOP_INTERNAL                     PACKAGE
SYS             DBMS_HA_ALERTS                           PACKAGE
SYS             DBMS_HEAT_MAP_INTERNAL                   PACKAGE
SYS             DBMS_INTERNAL_ROLLING                    PACKAGE
SYS             DBMS_IREFSTATS                           PACKAGE
SYS             DBMS_ISYNCREF                            PACKAGE
SYS             DBMS_JAVA_DUMP                           PACKAGE

OWNER           OBJECT_NAME                              OBJECT_TYPE
--------------- ---------------------------------------- --------------------
SYS             DBMS_JVM_EXP_PERMS                       PACKAGE
SYS             DBMS_MASTER_TABLE                        PACKAGE
SYS             DBMS_MVIEW_STATS_INTERNAL                PACKAGE
SYS             DBMS_PCLXUTIL_INTERNAL                   PACKAGE
SYS             DBMS_PROCESS                             PACKAGE
SYS             DBMS_REDACT_INT                          PACKAGE
SYS             DBMS_REDEFINITION_INTERNAL               PACKAGE
SYS             DBMS_REGXDB                              PACKAGE
SYS             DBMS_RULE_EXP_EC_INTERNAL                PACKAGE
SYS             DBMS_RULE_EXP_RL_INTERNAL                PACKAGE
SYS             DBMS_RULE_EXP_RS_INTERNAL                PACKAGE

OWNER           OBJECT_NAME                              OBJECT_TYPE
--------------- ---------------------------------------- --------------------
SYS             DBMS_SCHED_ARGUMENT_IMPORT               PACKAGE
SYS             DBMS_SECUREFILE_LOG_ADMIN                PACKAGE
SYS             DBMS_SESSION_STATE                       PACKAGE
SYS             DBMS_SNAP_REPAPI                         PACKAGE
SYS             DBMS_SPACE_ALERT                         PACKAGE
SYS             DBMS_SQADM_SYSCALLS                      PACKAGE
SYS             DBMS_SQLHASH                             PACKAGE
SYS             DBMS_SQLJTYPE                            PACKAGE
SYS             DBMS_SUM_RWEQ_EXPORT_INTERNAL            PACKAGE
SYS             DBMS_SYNC_REFRESH_INTERNAL               PACKAGE
SYS             DBMS_TDE_TOOLKIT_FFI                     PACKAGE

OWNER           OBJECT_NAME                              OBJECT_TYPE
--------------- ---------------------------------------- --------------------
SYS             DBMS_TRANSACTION_INTERNAL_SYS            PACKAGE
SYS             DBMS_TRANSFORM_EXIMP_INTERNAL            PACKAGE
SYS             DBMS_TSDP_MANAGE                         PACKAGE
SYS             DBMS_WORKLOAD_CAPTURE_I                  PACKAGE
SYS             DBMS_WRR_INTERNAL                        PACKAGE
SYS             DBMS_WRR_PROTECTED                       PACKAGE
SYS             DBMS_WRR_REPORT                          PACKAGE
SYS             DBMS_XDS_INT                             PACKAGE
SYS             DBMS_XS_FIDM                             PACKAGE
SYS             DBMS_XS_SESSIONS_FFI                     PACKAGE
SYS             DBMS_XS_SYSTEM                           PACKAGE

OWNER           OBJECT_NAME                              OBJECT_TYPE
--------------- ---------------------------------------- --------------------
SYS             DBMS_XS_SYSTEM_FFI                       PACKAGE
SYS             DM_XFORM                                 PACKAGE
SYS             OJDS_NAMESPACE                           PACKAGE
SYS             OWA_CUSTOM                               PACKAGE
SYS             PBREAK                                   PACKAGE
SYS             PBRPH                                    PACKAGE
SYS             PBUTL                                    PACKAGE
SYS             PRVT_COMPRESS                            PACKAGE
SYS             PRVT_DIMENSION_SYS_UTIL                  PACKAGE
SYS             PRVT_ILM                                 PACKAGE
SYS             PRVT_PARTREC_NOPRIV                      PACKAGE

OWNER           OBJECT_NAME                              OBJECT_TYPE
--------------- ---------------------------------------- --------------------
SYS             PRVT_REPORT_REGISTRY                     PACKAGE
SYS             XS_ACL_INT                               PACKAGE
SYS             XS_DATA_SECURITY_INT                     PACKAGE
SYS             XS_DATA_SECURITY_UTIL_INT                PACKAGE
SYS             XS_DIAG_INT                              PACKAGE
SYS             XS_NAMESPACE_INT                         PACKAGE
SYS             XS_ROLESET_INT                           PACKAGE
AUDSYS          DBMS_AUDIT_MGMT                          PACKAGE BODY
AUDSYS          DBMS_AUDIT_MGMT_LSBY                     PACKAGE BODY
DVSYS           DBMS_MACAUD                              PACKAGE BODY
DVSYS           DBMS_MACOUT                              PACKAGE BODY

OWNER           OBJECT_NAME                              OBJECT_TYPE
--------------- ---------------------------------------- --------------------
LBACSYS         LBAC_STANDARD                            PACKAGE BODY
MDSYS           MD                                       PACKAGE BODY
MDSYS           MD1                                      PACKAGE BODY
MDSYS           OPG_CTX                                  PACKAGE BODY
MDSYS           OPG_CTX_SESSION                          PACKAGE BODY
MDSYS           PRVTPC                                   PACKAGE BODY
MDSYS           SDO                                      PACKAGE BODY
MDSYS           TRANSFORM_MAP                            PACKAGE BODY
ORDSYS          CARTRIDGE                                PACKAGE BODY
ORDSYS          IM                                       PACKAGE BODY
ORDSYS          ORDAUDIO_PKG                             PACKAGE BODY

OWNER           OBJECT_NAME                              OBJECT_TYPE
--------------- ---------------------------------------- --------------------
ORDSYS          ORDDOC_PKG                               PACKAGE BODY
ORDSYS          ORDERROR                                 PACKAGE BODY
ORDSYS          ORDERRORINT                              PACKAGE BODY
ORDSYS          ORDIMERRORCODES                          PACKAGE BODY
ORDSYS          ORDIMGEXTCODEC_PKG                       PACKAGE BODY
ORDSYS          ORDIMG_PKG                               PACKAGE BODY
ORDSYS          ORDPLSGWYUTIL                            PACKAGE BODY
ORDSYS          ORDUTIL                                  PACKAGE BODY
ORDSYS          ORDUTIL_PRV                              PACKAGE BODY
ORDSYS          ORDVIDEO_PKG                             PACKAGE BODY
ORDSYS          ORD_AUDIO                                PACKAGE BODY

OWNER           OBJECT_NAME                              OBJECT_TYPE
--------------- ---------------------------------------- --------------------
ORDSYS          ORD_DATASOURCE_PKG                       PACKAGE BODY
ORDSYS          ORD_DICOM                                PACKAGE BODY
ORDSYS          ORD_DICOM_ADMIN                          PACKAGE BODY
ORDSYS          ORD_DICOM_ADMIN_PRV                      PACKAGE BODY
ORDSYS          ORD_DICOM_CT                             PACKAGE BODY
ORDSYS          ORD_DICOM_PKG                            PACKAGE BODY
ORDSYS          ORD_DOC                                  PACKAGE BODY
ORDSYS          ORD_IMAGE                                PACKAGE BODY
ORDSYS          ORD_VIDEO                                PACKAGE BODY
SYS             AMGT$DATAPUMP                            PACKAGE BODY
SYS             AS_REPLAY                                PACKAGE BODY

OWNER           OBJECT_NAME                              OBJECT_TYPE
--------------- ---------------------------------------- --------------------
SYS             DBMSZEXP_SYSPKGGRNT                      PACKAGE BODY
SYS             DBMS_ADDM                                PACKAGE BODY
SYS             DBMS_ADR                                 PACKAGE BODY
SYS             DBMS_ADR_APP                             PACKAGE BODY
SYS             DBMS_ADR_INTERNAL                        PACKAGE BODY
SYS             DBMS_ADVANCED_REWRITE                    PACKAGE BODY
SYS             DBMS_ALERT                               PACKAGE BODY
SYS             DBMS_APBACKEND                           PACKAGE BODY
SYS             DBMS_APPLY_ADM                           PACKAGE BODY
SYS             DBMS_APPLY_ADM_INTERNAL                  PACKAGE BODY
SYS             DBMS_APPLY_ADM_IVK                       PACKAGE BODY

OWNER           OBJECT_NAME                              OBJECT_TYPE
--------------- ---------------------------------------- --------------------
SYS             DBMS_APPLY_ERROR                         PACKAGE BODY
SYS             DBMS_APPLY_POSITION                      PACKAGE BODY
SYS             DBMS_APPLY_PROCESS                       PACKAGE BODY
SYS             DBMS_APP_CONT                            PACKAGE BODY
SYS             DBMS_APP_CONT_REPORT                     PACKAGE BODY
SYS             DBMS_AQELM                               PACKAGE BODY
SYS             DBMS_AQIN                                PACKAGE BODY
SYS             DBMS_AQJMS                               PACKAGE BODY
SYS             DBMS_AQJMS_INTERNAL                      PACKAGE BODY
SYS             DBMS_AQ_BQVIEW                           PACKAGE BODY
SYS             DBMS_AQ_EXP_CMT_TIME_TABLES              PACKAGE BODY

OWNER           OBJECT_NAME                              OBJECT_TYPE
--------------- ---------------------------------------- --------------------
SYS             DBMS_AQ_EXP_DEQUEUELOG_TABLES            PACKAGE BODY
SYS             DBMS_AQ_EXP_HISTORY_TABLES               PACKAGE BODY
SYS             DBMS_AQ_EXP_INDEX_TABLES                 PACKAGE BODY
SYS             DBMS_AQ_EXP_QUEUES                       PACKAGE BODY
SYS             DBMS_AQ_EXP_QUEUE_TABLES                 PACKAGE BODY
SYS             DBMS_AQ_EXP_SIGNATURE_TABLES             PACKAGE BODY
SYS             DBMS_AQ_EXP_SUBSCRIBER_TABLES            PACKAGE BODY
SYS             DBMS_AQ_EXP_TIMEMGR_TABLES               PACKAGE BODY
SYS             DBMS_AQ_EXP_ZECURITY                     PACKAGE BODY
SYS             DBMS_AQ_IMP_INTERNAL                     PACKAGE BODY
SYS             DBMS_AQ_IMP_ZECURITY                     PACKAGE BODY

OWNER           OBJECT_NAME                              OBJECT_TYPE
--------------- ---------------------------------------- --------------------
SYS             DBMS_AQ_SYS_EXP_ACTIONS                  PACKAGE BODY
SYS             DBMS_AQ_SYS_IMP_INTERNAL                 PACKAGE BODY
SYS             DBMS_ARCH_PROVIDER_INTL                  PACKAGE BODY
SYS             DBMS_ASH                                 PACKAGE BODY
SYS             DBMS_ASH_INTERNAL                        PACKAGE BODY
SYS             DBMS_AUDIT_UTIL                          PACKAGE BODY
SYS             DBMS_AUTO_INDEX                          PACKAGE BODY
SYS             DBMS_AUTO_REPORT                         PACKAGE BODY
SYS             DBMS_AUTO_SQLTUNE                        PACKAGE BODY
SYS             DBMS_AUTO_TASK_ADMIN                     PACKAGE BODY
SYS             DBMS_AUTO_TASK_IMMEDIATE                 PACKAGE BODY

OWNER           OBJECT_NAME                              OBJECT_TYPE
--------------- ---------------------------------------- --------------------
SYS             DBMS_AWR_PROTECTED                       PACKAGE BODY
SYS             DBMS_AWR_REPORT_LAYOUT                   PACKAGE BODY
SYS             DBMS_AWR_WAREHOUSE_SERVER                PACKAGE BODY
SYS             DBMS_AWR_WAREHOUSE_SOURCE                PACKAGE BODY
SYS             DBMS_AW_XML                              PACKAGE BODY
SYS             DBMS_BDSQL                               PACKAGE BODY
SYS             DBMS_CACHEUTIL                           PACKAGE BODY
SYS             DBMS_CAPTURE_ADM                         PACKAGE BODY
SYS             DBMS_CAPTURE_ADM_INTERNAL                PACKAGE BODY
SYS             DBMS_CAPTURE_ADM_IVK                     PACKAGE BODY
SYS             DBMS_CAPTURE_PROCESS                     PACKAGE BODY

OWNER           OBJECT_NAME                              OBJECT_TYPE
--------------- ---------------------------------------- --------------------
SYS             DBMS_CAPTURE_SWITCH_ADM                  PACKAGE BODY
SYS             DBMS_CAPTURE_SWITCH_INTERNAL             PACKAGE BODY
SYS             DBMS_CHAIN_INVOKER                       PACKAGE BODY
SYS             DBMS_CHANGE_NOTIFICATION                 PACKAGE BODY
SYS             DBMS_CLIENT_RESULT_CACHE                 PACKAGE BODY
SYS             DBMS_CLUSTDB                             PACKAGE BODY
SYS             DBMS_CMP_INT                             PACKAGE BODY
SYS             DBMS_COMPARISON                          PACKAGE BODY
SYS             DBMS_COMPRESSION                         PACKAGE BODY
SYS             DBMS_CONNECTION_POOL                     PACKAGE BODY
SYS             DBMS_CREDENTIAL                          PACKAGE BODY

OWNER           OBJECT_NAME                              OBJECT_TYPE
--------------- ---------------------------------------- --------------------
SYS             DBMS_CRYPTO                              PACKAGE BODY
SYS             DBMS_CRYPTO_FFI                          PACKAGE BODY
SYS             DBMS_CRYPTO_INTERNAL                     PACKAGE BODY
SYS             DBMS_CRYPTO_TOOLKIT                      PACKAGE BODY
SYS             DBMS_CRYPTO_TOOLKIT_FFI                  PACKAGE BODY
SYS             DBMS_DATAPUMP_INT                        PACKAGE BODY
SYS             DBMS_DATA_MINING                         PACKAGE BODY
SYS             DBMS_DATA_MINING_INTERNAL                PACKAGE BODY
SYS             DBMS_DATA_MINING_TRANSFORM               PACKAGE BODY
SYS             DBMS_DBCOMP                              PACKAGE BODY
SYS             DBMS_DBFS_CONTENT                        PACKAGE BODY

OWNER           OBJECT_NAME                              OBJECT_TYPE
--------------- ---------------------------------------- --------------------
SYS             DBMS_DBFS_CONTENT_ADMIN                  PACKAGE BODY
SYS             DBMS_DBFS_HS                             PACKAGE BODY
SYS             DBMS_DBFS_SFS                            PACKAGE BODY
SYS             DBMS_DBFS_SFS_ADMIN                      PACKAGE BODY
SYS             DBMS_DBVERIFY                            PACKAGE BODY
SYS             DBMS_DDL                                 PACKAGE BODY
SYS             DBMS_DDL_INTERNAL                        PACKAGE BODY
SYS             DBMS_DEBUG                               PACKAGE BODY
SYS             DBMS_DEBUG_JDWP                          PACKAGE BODY
SYS             DBMS_DEBUG_JDWP_CUSTOM                   PACKAGE BODY
SYS             DBMS_DEFER_IMPORT_INTERNAL               PACKAGE BODY

OWNER           OBJECT_NAME                              OBJECT_TYPE
--------------- ---------------------------------------- --------------------
SYS             DBMS_DESCRIBE                            PACKAGE BODY
SYS             DBMS_DG                                  PACKAGE BODY
SYS             DBMS_DIMENSION                           PACKAGE BODY
SYS             DBMS_DISRUPT                             PACKAGE BODY
SYS             DBMS_DISTRIBUTED_TRUST_ADMIN             PACKAGE BODY
SYS             DBMS_DM_EXP_INTERNAL                     PACKAGE BODY
SYS             DBMS_DM_MODEL_EXP                        PACKAGE BODY
SYS             DBMS_DM_MODEL_IMP                        PACKAGE BODY
SYS             DBMS_DM_UTIL                             PACKAGE BODY
SYS             DBMS_DNFS                                PACKAGE BODY
SYS             DBMS_DRS                                 PACKAGE BODY

OWNER           OBJECT_NAME                              OBJECT_TYPE
--------------- ---------------------------------------- --------------------
SYS             DBMS_EDITIONS_UTILITIES                  PACKAGE BODY
SYS             DBMS_EDITIONS_UTILITIES2                 PACKAGE BODY
SYS             DBMS_ERRLOG                              PACKAGE BODY
SYS             DBMS_EXPORT_EXTENSION_I                  PACKAGE BODY
SYS             DBMS_EXTENDED_TTS_CHECKS                 PACKAGE BODY
SYS             DBMS_FBT                                 PACKAGE BODY
SYS             DBMS_FEATURE_USAGE_CLIENT                PACKAGE BODY
SYS             DBMS_FEATURE_USAGE_INTERNAL              PACKAGE BODY
SYS             DBMS_FEATURE_USAGE_REPORT                PACKAGE BODY
SYS             DBMS_FGA                                 PACKAGE BODY
SYS             DBMS_FILE_GROUP_EXP                      PACKAGE BODY

OWNER           OBJECT_NAME                              OBJECT_TYPE
--------------- ---------------------------------------- --------------------
SYS             DBMS_FILE_GROUP_EXP_INTERNAL             PACKAGE BODY
SYS             DBMS_FILE_GROUP_IMP                      PACKAGE BODY
SYS             DBMS_FILE_GROUP_IMP_INTERNAL             PACKAGE BODY
SYS             DBMS_FILE_GROUP_INTERNAL_INVOK           PACKAGE BODY
SYS             DBMS_FILE_GROUP_UTL                      PACKAGE BODY
SYS             DBMS_FILE_GROUP_UTL_INVOK                PACKAGE BODY
SYS             DBMS_FILE_TRANSFER                       PACKAGE BODY
SYS             DBMS_FLASHBACK                           PACKAGE BODY
SYS             DBMS_FLASHBACK_ARCHIVE                   PACKAGE BODY
SYS             DBMS_FREQUENT_ITEMSET                    PACKAGE BODY
SYS             DBMS_FS                                  PACKAGE BODY

OWNER           OBJECT_NAME                              OBJECT_TYPE
--------------- ---------------------------------------- --------------------
SYS             DBMS_FUSE                                PACKAGE BODY
SYS             DBMS_FUSE_PUBLIC                         PACKAGE BODY
SYS             DBMS_GOLDENGATE_ADM                      PACKAGE BODY
SYS             DBMS_GOLDENGATE_ADM_INTERNAL             PACKAGE BODY
SYS             DBMS_GOLDENGATE_ADM_INT_INVOK            PACKAGE BODY
SYS             DBMS_GOLDENGATE_AUTH                     PACKAGE BODY
SYS             DBMS_GOLDENGATE_EXP                      PACKAGE BODY
SYS             DBMS_GOLDENGATE_IMP                      PACKAGE BODY
SYS             DBMS_HADOOP                              PACKAGE BODY
SYS             DBMS_HADOOP_INTERNAL                     PACKAGE BODY
SYS             DBMS_HANG_MANAGER                        PACKAGE BODY

OWNER           OBJECT_NAME                              OBJECT_TYPE
--------------- ---------------------------------------- --------------------
SYS             DBMS_HA_ALERTS                           PACKAGE BODY
SYS             DBMS_HEAT_MAP                            PACKAGE BODY
SYS             DBMS_HEAT_MAP_INTERNAL                   PACKAGE BODY
SYS             DBMS_HIERARCHY                           PACKAGE BODY
SYS             DBMS_HM                                  PACKAGE BODY
SYS             DBMS_HPROF                               PACKAGE BODY
SYS             DBMS_IJOB                                PACKAGE BODY
SYS             DBMS_ILM                                 PACKAGE BODY
SYS             DBMS_ILM_ADMIN                           PACKAGE BODY
SYS             DBMS_INDEX_UTL                           PACKAGE BODY
SYS             DBMS_INMEMORY                            PACKAGE BODY

OWNER           OBJECT_NAME                              OBJECT_TYPE
--------------- ---------------------------------------- --------------------
SYS             DBMS_INMEMORY_ADMIN                      PACKAGE BODY
SYS             DBMS_INTERNAL_ROLLING                    PACKAGE BODY
SYS             DBMS_INTERNAL_SAFE_SCN                   PACKAGE BODY
SYS             DBMS_INTERNAL_TRIGGER                    PACKAGE BODY
SYS             DBMS_IR                                  PACKAGE BODY
SYS             DBMS_IREFSTATS                           PACKAGE BODY
SYS             DBMS_ISCHED_AGENT                        PACKAGE BODY
SYS             DBMS_ISCHED_CHAIN_CONDITION              PACKAGE BODY
SYS             DBMS_ISCHED_REMDB_JOB                    PACKAGE BODY
SYS             DBMS_ISCHED_REMOTE_ACCESS                PACKAGE BODY
SYS             DBMS_ISCHED_UTL                          PACKAGE BODY

OWNER           OBJECT_NAME                              OBJECT_TYPE
--------------- ---------------------------------------- --------------------
SYS             DBMS_ISYNCREF                            PACKAGE BODY
SYS             DBMS_I_INDEX_UTL                         PACKAGE BODY
SYS             DBMS_JAVASCRIPT                          PACKAGE BODY
SYS             DBMS_JAVA_DEFINERS                       PACKAGE BODY
SYS             DBMS_JAVA_DUMP                           PACKAGE BODY
SYS             DBMS_JMS_PLSQL                           PACKAGE BODY
SYS             DBMS_JOB                                 PACKAGE BODY
SYS             DBMS_JSON0                               PACKAGE BODY
SYS             DBMS_JVM_EXP_PERMS                       PACKAGE BODY
SYS             DBMS_LDAP_API_FFI                        PACKAGE BODY
SYS             DBMS_LDAP_UTL                            PACKAGE BODY

OWNER           OBJECT_NAME                              OBJECT_TYPE
--------------- ---------------------------------------- --------------------
SYS             DBMS_LOBUTIL                             PACKAGE BODY
SYS             DBMS_LOB_AM_PRIVATE                      PACKAGE BODY
SYS             DBMS_LOG                                 PACKAGE BODY
SYS             DBMS_LOGMNR                              PACKAGE BODY
SYS             DBMS_LOGMNR_LOGREP_DICT                  PACKAGE BODY
SYS             DBMS_LOGREP_DEF_PROC_UTL                 PACKAGE BODY
SYS             DBMS_LOGREP_EXP                          PACKAGE BODY
SYS             DBMS_LOGREP_IMP                          PACKAGE BODY
SYS             DBMS_LOGREP_IMP_INTERNAL                 PACKAGE BODY
SYS             DBMS_LOGREP_UTIL_INVOK                   PACKAGE BODY
SYS             DBMS_LOGSTDBY_CONTEXT                    PACKAGE BODY

OWNER           OBJECT_NAME                              OBJECT_TYPE
--------------- ---------------------------------------- --------------------
SYS             DBMS_MANAGEMENT_BOOTSTRAP                PACKAGE BODY
SYS             DBMS_MASTER_TABLE                        PACKAGE BODY
SYS             DBMS_MDX_ODBO                            PACKAGE BODY
SYS             DBMS_METADATA                            PACKAGE BODY
SYS             DBMS_MONITOR                             PACKAGE BODY
SYS             DBMS_MVIEW_STATS                         PACKAGE BODY
SYS             DBMS_MVIEW_STATS_INTERNAL                PACKAGE BODY
SYS             DBMS_ODCI                                PACKAGE BODY
SYS             DBMS_OPTIM_BUNDLE                        PACKAGE BODY
SYS             DBMS_PARALLEL_EXECUTE                    PACKAGE BODY
SYS             DBMS_PART                                PACKAGE BODY

OWNER           OBJECT_NAME                              OBJECT_TYPE
--------------- ---------------------------------------- --------------------
SYS             DBMS_PCLXUTIL                            PACKAGE BODY
SYS             DBMS_PCLXUTIL_INTERNAL                   PACKAGE BODY
SYS             DBMS_PDB_ALTER_SHARING                   PACKAGE BODY
SYS             DBMS_PDB_APP_CON                         PACKAGE BODY
SYS             DBMS_PERF                                PACKAGE BODY
SYS             DBMS_PICKLER                             PACKAGE BODY
SYS             DBMS_PIPE                                PACKAGE BODY
SYS             DBMS_PITR                                PACKAGE BODY
SYS             DBMS_PLSQL_CODE_COVERAGE                 PACKAGE BODY
SYS             DBMS_PLUGTS                              PACKAGE BODY
SYS             DBMS_PLUGTSP                             PACKAGE BODY

OWNER           OBJECT_NAME                              OBJECT_TYPE
--------------- ---------------------------------------- --------------------
SYS             DBMS_PREDICTIVE_ANALYTICS                PACKAGE BODY
SYS             DBMS_PREPROCESSOR                        PACKAGE BODY
SYS             DBMS_PRIVILEGE_CAPTURE                   PACKAGE BODY
SYS             DBMS_PROCESS                             PACKAGE BODY
SYS             DBMS_PROFILER                            PACKAGE BODY
SYS             DBMS_PROPAGATION_ADM                     PACKAGE BODY
SYS             DBMS_PROPAGATION_INTERNAL                PACKAGE BODY
SYS             DBMS_PRVTAQIP                            PACKAGE BODY
SYS             DBMS_PRVTRMIE                            PACKAGE BODY
SYS             DBMS_PRVTSQDS                            PACKAGE BODY
SYS             DBMS_PRVTSQIS                            PACKAGE BODY

OWNER           OBJECT_NAME                              OBJECT_TYPE
--------------- ---------------------------------------- --------------------
SYS             DBMS_PSP                                 PACKAGE BODY
SYS             DBMS_PSWMG_IMPORT                        PACKAGE BODY
SYS             DBMS_RANDOM                              PACKAGE BODY
SYS             DBMS_RAT_MASK                            PACKAGE BODY
SYS             DBMS_RAT_MASK_INTERNAL                   PACKAGE BODY
SYS             DBMS_RECOVERABLE_SCRIPT                  PACKAGE BODY
SYS             DBMS_RECO_SCRIPT_INT                     PACKAGE BODY
SYS             DBMS_RECO_SCRIPT_INVOK                   PACKAGE BODY
SYS             DBMS_REDACT                              PACKAGE BODY
SYS             DBMS_REDACT_INT                          PACKAGE BODY
SYS             DBMS_REDEFINITION                        PACKAGE BODY

OWNER           OBJECT_NAME                              OBJECT_TYPE
--------------- ---------------------------------------- --------------------
SYS             DBMS_REDEFINITION_INTERNAL               PACKAGE BODY
SYS             DBMS_REFRESH                             PACKAGE BODY
SYS             DBMS_REGXDB                              PACKAGE BODY
SYS             DBMS_REPAIR                              PACKAGE BODY
SYS             DBMS_REPCAT                              PACKAGE BODY
SYS             DBMS_REPCAT_MIG                          PACKAGE BODY
SYS             DBMS_REPUTIL                             PACKAGE BODY
SYS             DBMS_RESULT_CACHE                        PACKAGE BODY
SYS             DBMS_RESULT_CACHE_INTERNAL               PACKAGE BODY
SYS             DBMS_RESUMABLE                           PACKAGE BODY
SYS             DBMS_RMGR_GROUP_EXPORT                   PACKAGE BODY

OWNER           OBJECT_NAME                              OBJECT_TYPE
--------------- ---------------------------------------- --------------------
SYS             DBMS_RMGR_PACT_EXPORT                    PACKAGE BODY
SYS             DBMS_RMGR_PLAN_EXPORT                    PACKAGE BODY
SYS             DBMS_ROLLING                             PACKAGE BODY
SYS             DBMS_ROWID                               PACKAGE BODY
SYS             DBMS_RULE_EXIMP                          PACKAGE BODY
SYS             DBMS_RULE_EXP_EC_INTERNAL                PACKAGE BODY
SYS             DBMS_RULE_EXP_EV_CTXS                    PACKAGE BODY
SYS             DBMS_RULE_EXP_RL_INTERNAL                PACKAGE BODY
SYS             DBMS_RULE_EXP_RS_INTERNAL                PACKAGE BODY
SYS             DBMS_RULE_EXP_RULES                      PACKAGE BODY
SYS             DBMS_RULE_EXP_RULE_SETS                  PACKAGE BODY

OWNER           OBJECT_NAME                              OBJECT_TYPE
--------------- ---------------------------------------- --------------------
SYS             DBMS_RULE_EXP_UTL                        PACKAGE BODY
SYS             DBMS_RULE_EXP_UTLI                       PACKAGE BODY
SYS             DBMS_RULE_IMP_OBJ                        PACKAGE BODY
SYS             DBMS_RULE_INTERNAL                       PACKAGE BODY
SYS             DBMS_SCHED_ARGUMENT_IMPORT               PACKAGE BODY
SYS             DBMS_SCHED_ATTRIBUTE_EXPORT              PACKAGE BODY
SYS             DBMS_SCHED_CHAIN_EXPORT                  PACKAGE BODY
SYS             DBMS_SCHED_CLASS_EXPORT                  PACKAGE BODY
SYS             DBMS_SCHED_CONSTRAINT_EXPORT             PACKAGE BODY
SYS             DBMS_SCHED_CREDENTIAL_EXPORT             PACKAGE BODY
SYS             DBMS_SCHED_EXPORT_CALLOUTS               PACKAGE BODY

OWNER           OBJECT_NAME                              OBJECT_TYPE
--------------- ---------------------------------------- --------------------
SYS             DBMS_SCHED_FILE_WATCHER_EXPORT           PACKAGE BODY
SYS             DBMS_SCHED_JOB_EXPORT                    PACKAGE BODY
SYS             DBMS_SCHED_MAIN_EXPORT                   PACKAGE BODY
SYS             DBMS_SCHED_PROGRAM_EXPORT                PACKAGE BODY
SYS             DBMS_SCHED_SCHEDULE_EXPORT               PACKAGE BODY
SYS             DBMS_SCHED_WINDOW_EXPORT                 PACKAGE BODY
SYS             DBMS_SCHED_WINGRP_EXPORT                 PACKAGE BODY
SYS             DBMS_SCN                                 PACKAGE BODY
SYS             DBMS_SECUREFILE_LOG_ADMIN                PACKAGE BODY
SYS             DBMS_SERVER_ALERT_EXPORT                 PACKAGE BODY
SYS             DBMS_SERVER_ALERT_PRVT                   PACKAGE BODY

OWNER           OBJECT_NAME                              OBJECT_TYPE
--------------- ---------------------------------------- --------------------
SYS             DBMS_SERVER_TRACE                        PACKAGE BODY
SYS             DBMS_SERVICE                             PACKAGE BODY
SYS             DBMS_SERVICE_ERR                         PACKAGE BODY
SYS             DBMS_SESSION_STATE                       PACKAGE BODY
SYS             DBMS_SHARED_POOL                         PACKAGE BODY
SYS             DBMS_SMB_INTERNAL                        PACKAGE BODY
SYS             DBMS_SNAPSHOT_COMMON                     PACKAGE BODY
SYS             DBMS_SNAPSHOT_KKXRCA                     PACKAGE BODY
SYS             DBMS_SNAPSHOT_UTL                        PACKAGE BODY
SYS             DBMS_SNAP_INTERNAL                       PACKAGE BODY
SYS             DBMS_SNAP_REPAPI                         PACKAGE BODY

OWNER           OBJECT_NAME                              OBJECT_TYPE
--------------- ---------------------------------------- --------------------
SYS             DBMS_SODA                                PACKAGE BODY
SYS             DBMS_SODA_UTIL                           PACKAGE BODY
SYS             DBMS_SPACE                               PACKAGE BODY
SYS             DBMS_SPACE_ALERT                         PACKAGE BODY
SYS             DBMS_SPM                                 PACKAGE BODY
SYS             DBMS_SQADM_SYSCALLS                      PACKAGE BODY
SYS             DBMS_SQLHASH                             PACKAGE BODY
SYS             DBMS_SQLJTYPE                            PACKAGE BODY
SYS             DBMS_SQLPA                               PACKAGE BODY
SYS             DBMS_SQLSET                              PACKAGE BODY
SYS             DBMS_SQLTCB_INTERNAL                     PACKAGE BODY

OWNER           OBJECT_NAME                              OBJECT_TYPE
--------------- ---------------------------------------- --------------------
SYS             DBMS_SQL_MONITOR                         PACKAGE BODY
SYS             DBMS_SQL_TRANSLATOR                      PACKAGE BODY
SYS             DBMS_SQL_TRANSLATOR_EXPORT               PACKAGE BODY
SYS             DBMS_STATS_INTERNAL_AGG                  PACKAGE BODY
SYS             DBMS_STAT_FUNCS                          PACKAGE BODY
SYS             DBMS_STAT_FUNCS_AUX                      PACKAGE BODY
SYS             DBMS_STORAGE_MAP                         PACKAGE BODY
SYS             DBMS_STREAMS_ADM                         PACKAGE BODY
SYS             DBMS_STREAMS_ADM_IVK                     PACKAGE BODY
SYS             DBMS_STREAMS_ADM_UTL_INVOK               PACKAGE BODY
SYS             DBMS_STREAMS_AUTH                        PACKAGE BODY

OWNER           OBJECT_NAME                              OBJECT_TYPE
--------------- ---------------------------------------- --------------------
SYS             DBMS_STREAMS_AUTO_INT                    PACKAGE BODY
SYS             DBMS_STREAMS_CONTROL_ADM                 PACKAGE BODY
SYS             DBMS_STREAMS_DATAPUMP                    PACKAGE BODY
SYS             DBMS_STREAMS_LCR_INT                     PACKAGE BODY
SYS             DBMS_STREAMS_MT                          PACKAGE BODY
SYS             DBMS_STREAMS_PUB_RPC                     PACKAGE BODY
SYS             DBMS_STREAMS_RPC                         PACKAGE BODY
SYS             DBMS_STREAMS_RPC_INTERNAL                PACKAGE BODY
SYS             DBMS_STREAMS_SM                          PACKAGE BODY
SYS             DBMS_STREAMS_TABLESPACE_ADM              PACKAGE BODY
SYS             DBMS_STREAMS_TBS_INT                     PACKAGE BODY

OWNER           OBJECT_NAME                              OBJECT_TYPE
--------------- ---------------------------------------- --------------------
SYS             DBMS_STREAMS_TBS_INT_INVOK               PACKAGE BODY
SYS             DBMS_SUMMARY                             PACKAGE BODY
SYS             DBMS_SUMVDM                              PACKAGE BODY
SYS             DBMS_SUM_RWEQ_EXPORT                     PACKAGE BODY
SYS             DBMS_SUM_RWEQ_EXPORT_INTERNAL            PACKAGE BODY
SYS             DBMS_SWRF_INTERNAL                       PACKAGE BODY
SYS             DBMS_SWRF_REPORT_INTERNAL                PACKAGE BODY
SYS             DBMS_SYNC_REFRESH                        PACKAGE BODY
SYS             DBMS_SYNC_REFRESH_INTERNAL               PACKAGE BODY
SYS             DBMS_TDB                                 PACKAGE BODY
SYS             DBMS_TDE_TOOLKIT                         PACKAGE BODY

OWNER           OBJECT_NAME                              OBJECT_TYPE
--------------- ---------------------------------------- --------------------
SYS             DBMS_TDE_TOOLKIT_FFI                     PACKAGE BODY
SYS             DBMS_TF                                  PACKAGE BODY
SYS             DBMS_TG_DBG                              PACKAGE BODY
SYS             DBMS_TNS                                 PACKAGE BODY
SYS             DBMS_TRACE                               PACKAGE BODY
SYS             DBMS_TRANSACTION                         PACKAGE BODY
SYS             DBMS_TRANSACTION_INTERNAL_SYS            PACKAGE BODY
SYS             DBMS_TRANSFORM_EXIMP                     PACKAGE BODY
SYS             DBMS_TRANSFORM_EXIMP_INTERNAL            PACKAGE BODY
SYS             DBMS_TSDP_MANAGE                         PACKAGE BODY
SYS             DBMS_TTS                                 PACKAGE BODY

OWNER           OBJECT_NAME                              OBJECT_TYPE
--------------- ---------------------------------------- --------------------
SYS             DBMS_TYPE_UTILITY                        PACKAGE BODY
SYS             DBMS_UMF                                 PACKAGE BODY
SYS             DBMS_UMF_PROTECTED                       PACKAGE BODY
SYS             DBMS_UNDO_ADV                            PACKAGE BODY
SYS             DBMS_WARNING                             PACKAGE BODY
SYS             DBMS_WLM                                 PACKAGE BODY
SYS             DBMS_WORKLOAD_CAPTURE                    PACKAGE BODY
SYS             DBMS_WORKLOAD_CAPTURE_I                  PACKAGE BODY
SYS             DBMS_WORKLOAD_REPLAY                     PACKAGE BODY
SYS             DBMS_WORKLOAD_REPLAY_I                   PACKAGE BODY
SYS             DBMS_WORKLOAD_REPOSITORY                 PACKAGE BODY

OWNER           OBJECT_NAME                              OBJECT_TYPE
--------------- ---------------------------------------- --------------------
SYS             DBMS_WRR_INTERNAL                        PACKAGE BODY
SYS             DBMS_WRR_PROTECTED                       PACKAGE BODY
SYS             DBMS_WRR_REPORT                          PACKAGE BODY
SYS             DBMS_XA                                  PACKAGE BODY
SYS             DBMS_XDB_UTIL                            PACKAGE BODY
SYS             DBMS_XDS                                 PACKAGE BODY
SYS             DBMS_XDS_INT                             PACKAGE BODY
SYS             DBMS_XMLGEN                              PACKAGE BODY
SYS             DBMS_XMLSAVE                             PACKAGE BODY
SYS             DBMS_XMLSCHEMA_UTIL                      PACKAGE BODY
SYS             DBMS_XMLSTORE                            PACKAGE BODY

OWNER           OBJECT_NAME                              OBJECT_TYPE
--------------- ---------------------------------------- --------------------
SYS             DBMS_XQUERYINT                           PACKAGE BODY
SYS             DBMS_XRWMV                               PACKAGE BODY
SYS             DBMS_XSTREAM_ADM                         PACKAGE BODY
SYS             DBMS_XSTREAM_ADM_INTERNAL                PACKAGE BODY
SYS             DBMS_XSTREAM_ADM_UTL                     PACKAGE BODY
SYS             DBMS_XSTREAM_AUTH                        PACKAGE BODY
SYS             DBMS_XSTREAM_AUTH_IVK                    PACKAGE BODY
SYS             DBMS_XSTREAM_GG                          PACKAGE BODY
SYS             DBMS_XSTREAM_GG_ADM                      PACKAGE BODY
SYS             DBMS_XSTREAM_GG_INTERNAL                 PACKAGE BODY
SYS             DBMS_XSTREAM_UTL_IVK                     PACKAGE BODY

OWNER           OBJECT_NAME                              OBJECT_TYPE
--------------- ---------------------------------------- --------------------
SYS             DBMS_XS_FIDM                             PACKAGE BODY
SYS             DBMS_XS_PRINCIPALS                       PACKAGE BODY
SYS             DBMS_XS_SESSIONS                         PACKAGE BODY
SYS             DBMS_XS_SESSIONS_FFI                     PACKAGE BODY
SYS             DBMS_XS_SYSTEM                           PACKAGE BODY
SYS             DBMS_XS_SYSTEM_FFI                       PACKAGE BODY
SYS             DBMS_ZHELP                               PACKAGE BODY
SYS             DBMS_ZHELP_IR                            PACKAGE BODY
SYS             DIANA                                    PACKAGE BODY
SYS             DMP_SEC                                  PACKAGE BODY
SYS             DM_QGEN                                  PACKAGE BODY

OWNER           OBJECT_NAME                              OBJECT_TYPE
--------------- ---------------------------------------- --------------------
SYS             DM_XFORM                                 PACKAGE BODY
SYS             HTF                                      PACKAGE BODY
SYS             KUBSAGT                                  PACKAGE BODY
SYS             KUBSD$DESC_INT                           PACKAGE BODY
SYS             KUPC$QUEUE                               PACKAGE BODY
SYS             KUPC$QUEUE_INT                           PACKAGE BODY
SYS             KUPC$QUE_INT                             PACKAGE BODY
SYS             KUPD$DATA_INT                            PACKAGE BODY
SYS             KUPF$FILE_INT                            PACKAGE BODY
SYS             LOGMNR_DICT_CACHE                        PACKAGE BODY
SYS             LOGMNR_EM_SUPPORT                        PACKAGE BODY

OWNER           OBJECT_NAME                              OBJECT_TYPE
--------------- ---------------------------------------- --------------------
SYS             LOGSTDBY_INTERNAL                        PACKAGE BODY
SYS             ODM_MODEL_UTIL                           PACKAGE BODY
SYS             ODM_UTIL                                 PACKAGE BODY
SYS             OJDS_CONTEXT                             PACKAGE BODY
SYS             OJDS_NAMESPACE                           PACKAGE BODY
SYS             ORDIMDPCALLOUTS                          PACKAGE BODY
SYS             ORD_ADMIN                                PACKAGE BODY
SYS             OUTLN_PKG                                PACKAGE BODY
SYS             OUTLN_PKG_INTERNAL                       PACKAGE BODY
SYS             OWA                                      PACKAGE BODY
SYS             OWA_CACHE                                PACKAGE BODY

OWNER           OBJECT_NAME                              OBJECT_TYPE
--------------- ---------------------------------------- --------------------
SYS             OWA_COOKIE                               PACKAGE BODY
SYS             OWA_CUSTOM                               PACKAGE BODY
SYS             OWA_IMAGE                                PACKAGE BODY
SYS             OWA_MATCH                                PACKAGE BODY
SYS             OWA_PATTERN                              PACKAGE BODY
SYS             OWA_SEC                                  PACKAGE BODY
SYS             OWA_TEXT                                 PACKAGE BODY
SYS             PBREAK                                   PACKAGE BODY
SYS             PBRPH                                    PACKAGE BODY
SYS             PBSDE                                    PACKAGE BODY
SYS             PIDL                                     PACKAGE BODY

OWNER           OBJECT_NAME                              OBJECT_TYPE
--------------- ---------------------------------------- --------------------
SYS             PRIVATE_JDBC                             PACKAGE BODY
SYS             PRIVATE_JDBC_DR                          PACKAGE BODY
SYS             PRVTEMX_ADMIN                            PACKAGE BODY
SYS             PRVTEMX_CELL                             PACKAGE BODY
SYS             PRVTEMX_DBHOME                           PACKAGE BODY
SYS             PRVTEMX_MEMORY                           PACKAGE BODY
SYS             PRVTEMX_PERF                             PACKAGE BODY
SYS             PRVTEMX_RSRCMGR                          PACKAGE BODY
SYS             PRVTEMX_SQL                              PACKAGE BODY
SYS             PRVTPARENTCHILD                          PACKAGE BODY
SYS             PRVT_ASH_OMX                             PACKAGE BODY

OWNER           OBJECT_NAME                              OBJECT_TYPE
--------------- ---------------------------------------- --------------------
SYS             PRVT_AWR_DATA_CP                         PACKAGE BODY
SYS             PRVT_AWR_VIEWER                          PACKAGE BODY
SYS             PRVT_COMPRESS                            PACKAGE BODY
SYS             PRVT_COMPRESSION                         PACKAGE BODY
SYS             PRVT_CPADDM                              PACKAGE BODY
SYS             PRVT_DBMS_INMEMORY_ADMIN                 PACKAGE BODY
SYS             PRVT_DIMENSION_SYS_UTIL                  PACKAGE BODY
SYS             PRVT_HDM                                 PACKAGE BODY
SYS             PRVT_ILM                                 PACKAGE BODY
SYS             PRVT_PARTREC_NOPRIV                      PACKAGE BODY
SYS             PRVT_REPORT_REGISTRY                     PACKAGE BODY

OWNER           OBJECT_NAME                              OBJECT_TYPE
--------------- ---------------------------------------- --------------------
SYS             PRVT_RTADDM                              PACKAGE BODY
SYS             PRVT_SQLADV_INFRA                        PACKAGE BODY
SYS             PRVT_SQLPA                               PACKAGE BODY
SYS             PRVT_SQLPROF_INFRA                       PACKAGE BODY
SYS             PRVT_SYS_TUNE_MVIEW                      PACKAGE BODY
SYS             PRVT_UADV                                PACKAGE BODY
SYS             PRVT_WORKLOAD_NOPRIV                     PACKAGE BODY
SYS             PSTDY_DATAPUMP_SUPPORT                   PACKAGE BODY
SYS             TSDP$DATAPUMP                            PACKAGE BODY
SYS             URIFACTORY                               PACKAGE BODY
SYS             UTL_COLL                                 PACKAGE BODY

OWNER           OBJECT_NAME                              OBJECT_TYPE
--------------- ---------------------------------------- --------------------
SYS             UTL_GDK                                  PACKAGE BODY
SYS             UTL_HTTP                                 PACKAGE BODY
SYS             UTL_I18N                                 PACKAGE BODY
SYS             UTL_INADDR                               PACKAGE BODY
SYS             UTL_LMS                                  PACKAGE BODY
SYS             UTL_NLA                                  PACKAGE BODY
SYS             UTL_RECOMP2                              PACKAGE BODY
SYS             UTL_REF                                  PACKAGE BODY
SYS             UTL_SMTP                                 PACKAGE BODY
SYS             UTL_TCP                                  PACKAGE BODY
SYS             UTL_URL                                  PACKAGE BODY

OWNER           OBJECT_NAME                              OBJECT_TYPE
--------------- ---------------------------------------- --------------------
SYS             WPG_DOCLOAD                              PACKAGE BODY
SYS             XML_SCHEMA_NAME_PRESENT                  PACKAGE BODY
SYS             XS_ACL                                   PACKAGE BODY
SYS             XS_ACL_INT                               PACKAGE BODY
SYS             XS_DATA_SECURITY                         PACKAGE BODY
SYS             XS_DATA_SECURITY_INT                     PACKAGE BODY
SYS             XS_DATA_SECURITY_UTIL                    PACKAGE BODY
SYS             XS_DATA_SECURITY_UTIL_INT                PACKAGE BODY
SYS             XS_DIAG                                  PACKAGE BODY
SYS             XS_DIAG_INT                              PACKAGE BODY
SYS             XS_NAMESPACE                             PACKAGE BODY

OWNER           OBJECT_NAME                              OBJECT_TYPE
--------------- ---------------------------------------- --------------------
SYS             XS_NAMESPACE_INT                         PACKAGE BODY
SYS             XS_PRINCIPAL                             PACKAGE BODY
SYS             XS_PRINCIPAL_INT                         PACKAGE BODY
SYS             XS_ROLESET                               PACKAGE BODY
SYS             XS_ROLESET_INT                           PACKAGE BODY
DVSYS           EVALUATE_RULE_SET                        PROCEDURE
DVSYS           MACOLS_INIT_SESSION                      PROCEDURE
LBACSYS         CODE_COVERAGE                            PROCEDURE
MDSYS           RESET_INPROG_INDEX                       PROCEDURE
SYS             DBMS_FEATURE_ACFS                        PROCEDURE
SYS             DBMS_FEATURE_ACFS_ENCR                   PROCEDURE

OWNER           OBJECT_NAME                              OBJECT_TYPE
--------------- ---------------------------------------- --------------------
SYS             DBMS_FEATURE_ACFS_SNAPSHOT               PROCEDURE
SYS             DBMS_FEATURE_ADAPTIVE_PLANS              PROCEDURE
SYS             DBMS_FEATURE_ADV_TABCMP                  PROCEDURE
SYS             DBMS_FEATURE_APEX                        PROCEDURE
SYS             DBMS_FEATURE_AUDIT_OPTIONS               PROCEDURE
SYS             DBMS_FEATURE_AUM                         PROCEDURE
SYS             DBMS_FEATURE_AUTOSTA                     PROCEDURE
SYS             DBMS_FEATURE_AUTO_MEM                    PROCEDURE
SYS             DBMS_FEATURE_AUTO_REOPT                  PROCEDURE
SYS             DBMS_FEATURE_AUTO_SSM                    PROCEDURE
SYS             DBMS_FEATURE_AWR                         PROCEDURE

OWNER           OBJECT_NAME                              OBJECT_TYPE
--------------- ---------------------------------------- --------------------
SYS             DBMS_FEATURE_BACKUP_ENCRYPTION           PROCEDURE
SYS             DBMS_FEATURE_BA_OWNER                    PROCEDURE
SYS             DBMS_FEATURE_CLOUD_EHCC                  PROCEDURE
SYS             DBMS_FEATURE_CONCURRENT_STATS            PROCEDURE
SYS             DBMS_FEATURE_DATABASE_ODM                PROCEDURE
SYS             DBMS_FEATURE_DATABASE_VAULT              PROCEDURE
SYS             DBMS_FEATURE_DATA_REDACTION              PROCEDURE
SYS             DBMS_FEATURE_DBFS_CONTENT                PROCEDURE
SYS             DBMS_FEATURE_DBFS_HS                     PROCEDURE
SYS             DBMS_FEATURE_DBFS_SFS                    PROCEDURE
SYS             DBMS_FEATURE_DEFERRED_SEG_CRT            PROCEDURE

OWNER           OBJECT_NAME                              OBJECT_TYPE
--------------- ---------------------------------------- --------------------
SYS             DBMS_FEATURE_DMU                         PROCEDURE
SYS             DBMS_FEATURE_DYN_SGA                     PROCEDURE
SYS             DBMS_FEATURE_EMX                         PROCEDURE
SYS             DBMS_FEATURE_EXADATA                     PROCEDURE
SYS             DBMS_FEATURE_EXTENSIBILITY               PROCEDURE
SYS             DBMS_FEATURE_FGA_AUDIT                   PROCEDURE
SYS             DBMS_FEATURE_FLEX_ASM                    PROCEDURE
SYS             DBMS_FEATURE_GATEWAYS                    PROCEDURE
SYS             DBMS_FEATURE_GOLDENGATE                  PROCEDURE
SYS             DBMS_FEATURE_HCC                         PROCEDURE
SYS             DBMS_FEATURE_HCCCONV                     PROCEDURE

OWNER           OBJECT_NAME                              OBJECT_TYPE
--------------- ---------------------------------------- --------------------
SYS             DBMS_FEATURE_HCCRLL                      PROCEDURE
SYS             DBMS_FEATURE_IDH                         PROCEDURE
SYS             DBMS_FEATURE_ILM                         PROCEDURE
SYS             DBMS_FEATURE_IMA                         PROCEDURE
SYS             DBMS_FEATURE_IMFS                        PROCEDURE
SYS             DBMS_FEATURE_IM_ADO                      PROCEDURE
SYS             DBMS_FEATURE_IM_EXPRESSIONS              PROCEDURE
SYS             DBMS_FEATURE_IM_FORSERVICE               PROCEDURE
SYS             DBMS_FEATURE_IM_JOINGROUPS               PROCEDURE
SYS             DBMS_FEATURE_IOT                         PROCEDURE
SYS             DBMS_FEATURE_JOB_SCHEDULER               PROCEDURE

OWNER           OBJECT_NAME                              OBJECT_TYPE
--------------- ---------------------------------------- --------------------
SYS             DBMS_FEATURE_LABEL_SECURITY              PROCEDURE
SYS             DBMS_FEATURE_LMT                         PROCEDURE
SYS             DBMS_FEATURE_MOVE_DATAFILE               PROCEDURE
SYS             DBMS_FEATURE_OBJECT                      PROCEDURE
SYS             DBMS_FEATURE_ONLINE_REDEF                PROCEDURE
SYS             DBMS_FEATURE_PILLAR_EHCC                 PROCEDURE
SYS             DBMS_FEATURE_PILLAR_STORAGE              PROCEDURE
SYS             DBMS_FEATURE_PLSQL_NATIVE                PROCEDURE
SYS             DBMS_FEATURE_PRIV_CAPTURE                PROCEDURE
SYS             DBMS_FEATURE_QOSM                        PROCEDURE
SYS             DBMS_FEATURE_RAC                         PROCEDURE

OWNER           OBJECT_NAME                              OBJECT_TYPE
--------------- ---------------------------------------- --------------------
SYS             DBMS_FEATURE_RAS                         PROCEDURE
SYS             DBMS_FEATURE_RMAN_BACKUP                 PROCEDURE
SYS             DBMS_FEATURE_RMAN_BASIC                  PROCEDURE
SYS             DBMS_FEATURE_RMAN_BZIP2                  PROCEDURE
SYS             DBMS_FEATURE_RMAN_DISK_BACKUP            PROCEDURE
SYS             DBMS_FEATURE_RMAN_HIGH                   PROCEDURE
SYS             DBMS_FEATURE_RMAN_LOW                    PROCEDURE
SYS             DBMS_FEATURE_RMAN_MEDIUM                 PROCEDURE
SYS             DBMS_FEATURE_RMAN_TAPE_BACKUP            PROCEDURE
SYS             DBMS_FEATURE_RMAN_ZLIB                   PROCEDURE
SYS             DBMS_FEATURE_ROND                        PROCEDURE

OWNER           OBJECT_NAME                              OBJECT_TYPE
--------------- ---------------------------------------- --------------------
SYS             DBMS_FEATURE_RULESMANAGER                PROCEDURE
SYS             DBMS_FEATURE_SECUREFILES_SYS             PROCEDURE
SYS             DBMS_FEATURE_SECUREFILES_USR             PROCEDURE
SYS             DBMS_FEATURE_SEGADV_USER                 PROCEDURE
SYS             DBMS_FEATURE_SEG_MAIN_ONL_COMP           PROCEDURE
SYS             DBMS_FEATURE_SERVICES                    PROCEDURE
SYS             DBMS_FEATURE_SFCOMPRESS_SYS              PROCEDURE
SYS             DBMS_FEATURE_SFCOMPRESS_USR              PROCEDURE
SYS             DBMS_FEATURE_SFDEDUP_SYS                 PROCEDURE
SYS             DBMS_FEATURE_SFDEDUP_USR                 PROCEDURE
SYS             DBMS_FEATURE_SFENCRYPT_SYS               PROCEDURE

OWNER           OBJECT_NAME                              OBJECT_TYPE
--------------- ---------------------------------------- --------------------
SYS             DBMS_FEATURE_SFENCRYPT_USR               PROCEDURE
SYS             DBMS_FEATURE_SPD                         PROCEDURE
SYS             DBMS_FEATURE_STREAMS                     PROCEDURE
SYS             DBMS_FEATURE_TEST_PROC_1                 PROCEDURE
SYS             DBMS_FEATURE_TEST_PROC_2                 PROCEDURE
SYS             DBMS_FEATURE_TEST_PROC_3                 PROCEDURE
SYS             DBMS_FEATURE_TEST_PROC_4                 PROCEDURE
SYS             DBMS_FEATURE_TEST_PROC_5                 PROCEDURE
SYS             DBMS_FEATURE_THP                         PROCEDURE
SYS             DBMS_FEATURE_TSDP                        PROCEDURE
SYS             DBMS_FEATURE_USER_MVS                    PROCEDURE

OWNER           OBJECT_NAME                              OBJECT_TYPE
--------------- ---------------------------------------- --------------------
SYS             DBMS_FEATURE_UTILITIES1                  PROCEDURE
SYS             DBMS_FEATURE_UTILITIES2                  PROCEDURE
SYS             DBMS_FEATURE_UTILITIES3                  PROCEDURE
SYS             DBMS_FEATURE_UTILITIES4                  PROCEDURE
SYS             DBMS_FEATURE_UTILITIES5                  PROCEDURE
SYS             DBMS_FEATURE_UTILITIES6                  PROCEDURE
SYS             DBMS_FEATURE_WCR_CAPTURE                 PROCEDURE
SYS             DBMS_FEATURE_WCR_REPLAY                  PROCEDURE
SYS             DBMS_FEATURE_XDB                         PROCEDURE
SYS             DBMS_FEATURE_XSTREAM_IN                  PROCEDURE
SYS             DBMS_FEATURE_XSTREAM_OUT                 PROCEDURE

OWNER           OBJECT_NAME                              OBJECT_TYPE
--------------- ---------------------------------------- --------------------
SYS             DBMS_FEATURE_XSTREAM_STREAMS             PROCEDURE
SYS             DBMS_FEATURE_ZFS_EHCC                    PROCEDURE
SYS             DBMS_FEATURE_ZFS_STORAGE                 PROCEDURE
SYS             DBMS_FEATURE_ZMAP                        PROCEDURE
SYS             DBMS_PDB_NUM                             PROCEDURE
SYS             DM$RQEVALSERINP                          PROCEDURE
SYS             DM$RQMOD_BUILD                           PROCEDURE
SYS             DM$RQMOD_SCORE                           PROCEDURE
SYS             KDZSTORAGETYPE                           PROCEDURE
SYS             LOGMNR_KRVRDA_TEST_APPLY                 PROCEDURE
SYS             LOGMNR_KRVRDREPDICT3                     PROCEDURE

OWNER           OBJECT_NAME                              OBJECT_TYPE
--------------- ---------------------------------------- --------------------
SYS             LOGMNR_RMT_BLD                           PROCEDURE
SYS             MIGRATE_80SYSIMAGES_TO_81                PROCEDURE
SYS             ALERT_QUE$1                              RULE SET
SYS             ALERT_QUE_N                              RULE SET
SYS             AQ_PROP_NOTIFY_N                         RULE SET
SYS             AQ_PROP_NOTIFY_R                         RULE SET
SYS             ORA$PREPLUGIN_BACKUP_QUE_N               RULE SET
SYS             ORA$PREPLUGIN_BACKUP_QUE_R               RULE SET
SYS             SCHEDULER$_EVENT_QUEUE_N                 RULE SET
SYS             SCHEDULER$_EVENT_QUEUE_R                 RULE SET
SYS             SCHEDULER$_REMDB_JOBQ_N                  RULE SET

OWNER           OBJECT_NAME                              OBJECT_TYPE
--------------- ---------------------------------------- --------------------
SYS             SCHEDULER$_REMDB_JOBQ_R                  RULE SET
SYS             SCHEDULER_FILEWATCHER_Q_N                RULE SET
SYS             SCHEDULER_FILEWATCHER_Q_R                RULE SET
SYS             SYS$SERVICE_METRICS_N                    RULE SET
SYS             SYS$SERVICE_METRICS_R                    RULE SET
APPQOSSYS       DBMS_WLM                                 SYNONYM
DVSYS           CONFIGURE_DV                             SYNONYM
LBACSYS         OLS_ENFORCEMENT                          SYNONYM
SYS             DBMS_WM                                  SYNONYM
ORDSYS          ACCESSION_NUMBER_ORD_IMG_T               TYPE
ORDSYS          ACQUISITION_DATETIME_ORD_IMG_T           TYPE

OWNER           OBJECT_NAME                              OBJECT_TYPE
--------------- ---------------------------------------- --------------------
ORDSYS          ACQUISITION_DATE_ORD_IMG_T               TYPE
ORDSYS          ACQUISITION_NUMBER_ORD_IMG_T             TYPE
ORDSYS          ACQUISITION_TIME_ORD_IMG_T               TYPE
ORDSYS          ACTION_ORD_DCM_C                         TYPE
ORDSYS          ACTION_ORD_DCM_T                         TYPE
ORDSYS          ADMITTING_DIAG_DESC_ORD_IMG_C            TYPE
ORDSYS          ADMITTING_DIAG_DESC_ORD_IMG_T            TYPE
ORDSYS          AE_ATTR_ORD_DCM_T                        TYPE
ORDSYS          AGE_STRING_ORD_DCM_C                     TYPE
ORDSYS          ANONYMITY_RULE_DOC_ORD_DCM_T             TYPE
ORDSYS          ANONYM_G_ORD_DCM_T                       TYPE

OWNER           OBJECT_NAME                              OBJECT_TYPE
--------------- ---------------------------------------- --------------------
ORDSYS          ANONYM_ORD_DCM_T                         TYPE
ORDSYS          ANY_ATTR_ORD_DCM_T                       TYPE
ORDSYS          APPLICATION_ENTITY_ORD_DCM_C             TYPE
ORDSYS          AS_ATTR_ORD_DCM_T                        TYPE
ORDSYS          AS_ORD_DCM_T                             TYPE
ORDSYS          ATTRIBUTE_TAG_ORD_DCM_C                  TYPE
ORDSYS          ATTR_DEFINERS_ORD_DCM_T                  TYPE
ORDSYS          ATTR_DEFINER_ORD_DCM_C                   TYPE
ORDSYS          ATTR_DEFINER_ORD_DCM_T                   TYPE
ORDSYS          ATTR_NAME_ORD_DCM_C                      TYPE
ORDSYS          ATTR_RANCE_T_ORD_DCM_T                   TYPE

OWNER           OBJECT_NAME                              OBJECT_TYPE
--------------- ---------------------------------------- --------------------
ORDSYS          ATTR_VALUE_ORD_DCM_T                     TYPE
ORDSYS          AT_ATTR_ORD_DCM_T                        TYPE
ORDSYS          BITSPERSAMPLE_ORD_IMG_T                  TYPE
ORDSYS          BIT_ALLOCATED_ORD_IMG_T                  TYPE
ORDSYS          BIT_STORED_ORD_IMG_T                     TYPE
ORDSYS          BODY_PART_EXAMINED_ORD_IMG_T             TYPE
ORDSYS          BOOLEAN_FUNC_PRED_ORD_DCM_T              TYPE
ORDSYS          BYLINE_ORD_IMG_C                         TYPE
ORDSYS          BYLINE_ORD_IMG_T                         TYPE
ORDSYS          CHARACTER_SET_ORD_IMG_C                  TYPE
ORDSYS          CHARACTER_SET_ORD_IMG_T                  TYPE

OWNER           OBJECT_NAME                              OBJECT_TYPE
--------------- ---------------------------------------- --------------------
ORDSYS          CHROMATICITY_ORD_IMG_T                   TYPE
ORDSYS          CODE_SEQUENCE_ORD_IMG_C                  TYPE
ORDSYS          CODE_SEQUENCE_ORD_IMG_T                  TYPE
ORDSYS          CODE_SQ_ORD_IMG_T                        TYPE
ORDSYS          CODE_STRING_ORD_DCM_C                    TYPE
ORDSYS          COLORSPACE_ORD_IMG_T                     TYPE
ORDSYS          COMPRESSION_ORD_IMG_T                    TYPE
ORDSYS          CONFORMANCE_DEF_ORD_DCM_T                TYPE
ORDSYS          CONTENT_LOC_ORD_IMG_C                    TYPE
ORDSYS          CONTRAST_ORD_IMG_T                       TYPE
ORDSYS          CS_ATTR_ORD_DCM_T                        TYPE

OWNER           OBJECT_NAME                              OBJECT_TYPE
--------------- ---------------------------------------- --------------------
ORDSYS          CT_OPERAND_ORD_DCM_T                     TYPE
ORDSYS          CUSTOMRENDERED_ORD_IMG_T                 TYPE
ORDSYS          DATASET_ORD_DCM_T                        TYPE
ORDSYS          DATETIME_ORD_IMG_T                       TYPE
ORDSYS          DATE_ORD_DCM_C                           TYPE
ORDSYS          DATE_ORD_IMG_T                           TYPE
ORDSYS          DATE_TIME_ORD_DCM_C                      TYPE
ORDSYS          DA_ATTR_ORD_DCM_T                        TYPE
ORDSYS          DECIMAL_STRING_ORD_DCM_C                 TYPE
ORDSYS          DICOM_IMAGE_ORD_IMG_T                    TYPE
ORDSYS          DICOM_PRIVATE_ATTR_ORD_DCM_T             TYPE

OWNER           OBJECT_NAME                              OBJECT_TYPE
--------------- ---------------------------------------- --------------------
ORDSYS          DICOM_RUNTIME_PREF_ORD_DCM_T             TYPE
ORDSYS          DICOM_STANDARD_ATTR_ORD_DCM_T            TYPE
ORDSYS          DICOM_UID_DEFINITION_ORD_DCM_T           TYPE
ORDSYS          DOCUMENT_CHANGE_LOG_ORD_DCM_T            TYPE
ORDSYS          DOCUMENT_HEADER_ORD_DCM_C                TYPE
ORDSYS          DOCUMENT_HEADER_ORD_DCM_T                TYPE
ORDSYS          DS_ATTR_ORD_DCM_T                        TYPE
ORDSYS          DT_AE_ATTR_ORD_DCM_T                     TYPE
ORDSYS          DT_AGE_STRING_ORD_DCM_C                  TYPE
ORDSYS          DT_APP_ENTITY_ORD_DCM_C                  TYPE
ORDSYS          DT_AS_ATTR_ORD_DCM_T                     TYPE

OWNER           OBJECT_NAME                              OBJECT_TYPE
--------------- ---------------------------------------- --------------------
ORDSYS          DT_AS_ORD_DCM_T                          TYPE
ORDSYS          DT_ATTRIBUTE_TAG_ORD_DCM_C               TYPE
ORDSYS          DT_ATTR_DEFINERS_ORD_DCM_T               TYPE
ORDSYS          DT_ATTR_DEFINER_ORD_DCM_C                TYPE
ORDSYS          DT_ATTR_DEFINER_ORD_DCM_T                TYPE
ORDSYS          DT_ATTR_NAME_ORD_DCM_C                   TYPE
ORDSYS          DT_ATTR_ORD_DCM_T                        TYPE
ORDSYS          DT_ATTR_RANCE_ORD_DCM_T                  TYPE
ORDSYS          DT_ATTR_VALUE_ORD_DCM_T                  TYPE
ORDSYS          DT_AT_ATTR_ORD_DCM_T                     TYPE
ORDSYS          DT_CODE_STRING_ORD_DCM_C                 TYPE

OWNER           OBJECT_NAME                              OBJECT_TYPE
--------------- ---------------------------------------- --------------------
ORDSYS          DT_CS_ATTR_ORD_DCM_T                     TYPE
ORDSYS          DT_DATASET_ORD_DCM_T                     TYPE
ORDSYS          DT_DATE_ORD_DCM_C                        TYPE
ORDSYS          DT_DATE_TIME_ORD_DCM_C                   TYPE
ORDSYS          DT_DA_ATTR_ORD_DCM_T                     TYPE
ORDSYS          DT_DECIMAL_STRING_ORD_DCM_C              TYPE
ORDSYS          DT_DOCUMENT_HEADER_ORD_DCM_C             TYPE
ORDSYS          DT_DOCUMENT_HEADER_ORD_DCM_T             TYPE
ORDSYS          DT_DOC_CHANGE_LOG_ORD_DCM_T              TYPE
ORDSYS          DT_DS_ATTR_ORD_DCM_T                     TYPE
ORDSYS          DT_DT_ATTR_ORD_DCM_T                     TYPE

OWNER           OBJECT_NAME                              OBJECT_TYPE
--------------- ---------------------------------------- --------------------
ORDSYS          DT_DT_NAME_ORD_DCM_C                     TYPE
ORDSYS          DT_EXCEPTION_TYPE_ORD_DCM_C              TYPE
ORDSYS          DT_EXP_ATTR_ORD_DCM_T                    TYPE
ORDSYS          DT_EXTENDED_TYPE_ORD_DCM_C               TYPE
ORDSYS          DT_EXT_ATTR_ORD_DCM_T                    TYPE
ORDSYS          DT_EXT_ORD_DCM_T                         TYPE
ORDSYS          DT_FD_ATTR_ORD_DCM_T                     TYPE
ORDSYS          DT_FLOAT_DOUBLE_STR_ORD_DCM_C            TYPE
ORDSYS          DT_FLOAT_SINGLE_ORD_DCM_C                TYPE
ORDSYS          DT_FL_ATTR_ORD_DCM_T                     TYPE
ORDSYS          DT_INTEGER_STRING_ORD_DCM_C              TYPE

OWNER           OBJECT_NAME                              OBJECT_TYPE
--------------- ---------------------------------------- --------------------
ORDSYS          DT_IS_ATTR_ORD_DCM_T                     TYPE
ORDSYS          DT_ITEM_ORD_DCM_C                        TYPE
ORDSYS          DT_LONG_STRING_ORD_DCM_C                 TYPE
ORDSYS          DT_LONG_TEXT_ORD_DCM_C                   TYPE
ORDSYS          DT_LO_ATTR_ORD_DCM_T                     TYPE
ORDSYS          DT_LT_ATTR_ORD_DCM_T                     TYPE
ORDSYS          DT_MIXED_TEXT_ORD_DCM_T                  TYPE
ORDSYS          DT_NAME_ORD_DCM_T                        TYPE
ORDSYS          DT_OB_ATTR_ORD_DCM_T                     TYPE
ORDSYS          DT_OF_ATTR_ORD_DCM_T                     TYPE
ORDSYS          DT_OTHER_BYTE_ORD_DCM_C                  TYPE

OWNER           OBJECT_NAME                              OBJECT_TYPE
--------------- ---------------------------------------- --------------------
ORDSYS          DT_OTHER_FLOAT_ORD_DCM_C                 TYPE
ORDSYS          DT_OTHER_WORD_ORD_DCM_C                  TYPE
ORDSYS          DT_OW_ATTR_ORD_DCM_T                     TYPE
ORDSYS          DT_OW_ORD_DCM_T                          TYPE
ORDSYS          DT_PERSON_NAME_ORD_DCM_C                 TYPE
ORDSYS          DT_PN_ATTR_ORD_DCM_T                     TYPE
ORDSYS          DT_PN_ORD_DCM_T                          TYPE
ORDSYS          DT_SHORT_STRING_ORD_DCM_C                TYPE
ORDSYS          DT_SHORT_TEXT_ORD_DCM_C                  TYPE
ORDSYS          DT_SH_ATTR_ORD_DCM_T                     TYPE
ORDSYS          DT_SIGNED_LONG_ORD_DCM_C                 TYPE

OWNER           OBJECT_NAME                              OBJECT_TYPE
--------------- ---------------------------------------- --------------------
ORDSYS          DT_SIGNED_SHORT_ORD_DCM_C                TYPE
ORDSYS          DT_SL_ATTR_ORD_DCM_T                     TYPE
ORDSYS          DT_SQ_ATTR_ORD_DCM_T                     TYPE
ORDSYS          DT_SQ_ORD_DCM_T                          TYPE
ORDSYS          DT_SS_ATTR_ORD_DCM_T                     TYPE
ORDSYS          DT_ST_ATTR_ORD_DCM_T                     TYPE
ORDSYS          DT_TIME_ORD_DCM_C                        TYPE
ORDSYS          DT_TM_ATTR_ORD_DCM_T                     TYPE
ORDSYS          DT_UI_ATTR_ORD_DCM_T                     TYPE
ORDSYS          DT_UL_ATTR_ORD_DCM_T                     TYPE
ORDSYS          DT_UNIQUE_ID_ORD_DCM_C                   TYPE

OWNER           OBJECT_NAME                              OBJECT_TYPE
--------------- ---------------------------------------- --------------------
ORDSYS          DT_UNKNOWN_ORD_DCM_C                     TYPE
ORDSYS          DT_UNLIMITED_TEXT_ORD_DCM_C              TYPE
ORDSYS          DT_UNSIGNED_LONG_ORD_DCM_C               TYPE
ORDSYS          DT_UNSIGNED_SHORT_ORD_DCM_C              TYPE
ORDSYS          DT_UN_ATTR_ORD_DCM_T                     TYPE
ORDSYS          DT_UN_ORD_DCM_T                          TYPE
ORDSYS          DT_US_ATTR_ORD_DCM_T                     TYPE
ORDSYS          DT_UT_ATTR_ORD_DCM_T                     TYPE
ORDSYS          EXCEPTION_TYPE_ORD_DCM_C                 TYPE
ORDSYS          EXIFIFD_ORD_IMG_T                        TYPE
ORDSYS          EXIF_METADATA_ORD_IMG_T                  TYPE

OWNER           OBJECT_NAME                              OBJECT_TYPE
--------------- ---------------------------------------- --------------------
ORDSYS          EXPOSUREMODE_ORD_IMG_T                   TYPE
ORDSYS          EXPOSUREPROGRAM_ORD_IMG_T                TYPE
ORDSYS          EXP_ATTR_ORD_DCM_T                       TYPE
ORDSYS          EXTENDED_TYPE_ORD_DCM_C                  TYPE
ORDSYS          EXT_ATTR_ORD_DCM_T                       TYPE
ORDSYS          EXT_MACRO_INCLUDE_ORD_DCM_C              TYPE
ORDSYS          EXT_MACRO_INCLUDE_ORD_DCM_T              TYPE
ORDSYS          EXT_ORD_DCM_T                            TYPE
ORDSYS          EXT_RULE_INCLUDE_ORD_DCM_C               TYPE
ORDSYS          EXT_RULE_INCLUDE_ORD_DCM_T               TYPE
ORDSYS          FD_ATTR_ORD_DCM_T                        TYPE

OWNER           OBJECT_NAME                              OBJECT_TYPE
--------------- ---------------------------------------- --------------------
ORDSYS          FIELD_ORD_IMG_C                          TYPE
ORDSYS          FILESOURCE_ORD_IMG_T                     TYPE
ORDSYS          FILE_META_HEADER_ORD_IMG_T               TYPE
ORDSYS          FLASH_ORD_IMG_T                          TYPE
ORDSYS          FLAT_COLORPOSITIONS                      TYPE
ORDSYS          FLOAT_DOUBLE_STRING_ORD_DCM_C            TYPE
ORDSYS          FLOAT_SINGLE_ORD_DCM_C                   TYPE
ORDSYS          FL_ATTR_ORD_DCM_T                        TYPE
ORDSYS          FRAME_LATERALITY_ORD_IMG_T               TYPE
ORDSYS          FUNCTION_ATTR_ORD_DCM_C                  TYPE
ORDSYS          FUNCTION_ORD_DCM_C                       TYPE

OWNER           OBJECT_NAME                              OBJECT_TYPE
--------------- ---------------------------------------- --------------------
ORDSYS          FUNCTION_ORD_DCM_T                       TYPE
ORDSYS          GAINCONTROL_ORD_IMG_T                    TYPE
ORDSYS          GENERAL_EQUIPMENT_ORD_IMG_T              TYPE
ORDSYS          GENERAL_IMAGE_ORD_IMG_T                  TYPE
ORDSYS          GENERAL_SERIES_ORD_IMG_T                 TYPE
ORDSYS          GENERAL_STUDY_ORD_IMG_T                  TYPE
ORDSYS          GLOBAL_MACRO_ORD_DCM_C                   TYPE
ORDSYS          GPSIFD_ORD_IMG_T                         TYPE
ORDSYS          GPS_ALT_REF_ORD_IMG_T                    TYPE
ORDSYS          GPS_BEARING_ORD_IMG_T                    TYPE
ORDSYS          GPS_DIFFERENTIAL_ORD_IMG_T               TYPE

OWNER           OBJECT_NAME                              OBJECT_TYPE
--------------- ---------------------------------------- --------------------
ORDSYS          GPS_DIRECTION_ORD_IMG_T                  TYPE
ORDSYS          GPS_DIST_REF_ORD_IMG_T                   TYPE
ORDSYS          GPS_LAT_ORD_IMG_T                        TYPE
ORDSYS          GPS_LAT_REF_ORD_IMG_T                    TYPE
ORDSYS          GPS_LONG_ORD_IMG_T                       TYPE
ORDSYS          GPS_LONG_REF_ORD_IMG_T                   TYPE
ORDSYS          GPS_MEASUREMODE_ORD_IMG_T                TYPE
ORDSYS          GPS_SPEED_REF_ORD_IMG_T                  TYPE
ORDSYS          GPS_STATUS_ORD_IMG_T                     TYPE
ORDSYS          HIGH_BIT_ORD_IMG_T                       TYPE
ORDSYS          IMAGEATTRIBUTES_ORD_IMG_T                TYPE

OWNER           OBJECT_NAME                              OBJECT_TYPE
--------------- ---------------------------------------- --------------------
ORDSYS          IMAGE_COLUMNS_ORD_IMG_T                  TYPE
ORDSYS          IMAGE_PIXEL_ORD_IMG_T                    TYPE
ORDSYS          IMAGE_ROWS_ORD_IMG_T                     TYPE
ORDSYS          IMPLEMENTATION_CLASS_ORD_IMG_T           TYPE
ORDSYS          IMPLEMENTATION_VER_ORD_IMG_T             TYPE
ORDSYS          INDIVIDUAL_ATTRIBUTE_ORD_DCM_T           TYPE
ORDSYS          INDIVIDUAL_ATTR_ORD_DCM_C                TYPE
ORDSYS          INSTANCE_NUMBER_ORD_IMG_T                TYPE
ORDSYS          INTEGER_STRING_ORD_DCM_C                 TYPE
ORDSYS          INTEROPERABILITYIFD_ORD_IMG_T            TYPE
ORDSYS          INTEROPERABILITY_ORD_IMG_T               TYPE

OWNER           OBJECT_NAME                              OBJECT_TYPE
--------------- ---------------------------------------- --------------------
ORDSYS          IPTC_METADATA_ORD_IMG_T                  TYPE
ORDSYS          IS_ATTR_ORD_DCM_T                        TYPE
ORDSYS          ITEM_ORD_DCM_C                           TYPE
ORDSYS          LIGHTSOURCE_ORD_IMG_T                    TYPE
ORDSYS          LOCATION_ORD_IMG_T                       TYPE
ORDSYS          LOGICAL_PREDICATE_ORD_DCM_T              TYPE
ORDSYS          LONG_STRING_ORD_DCM_C                    TYPE
ORDSYS          LONG_TEXT_ORD_DCM_C                      TYPE
ORDSYS          LO_ATTR_ORD_DCM_T                        TYPE
ORDSYS          LT_ATTR_ORD_DCM_T                        TYPE
ORDSYS          MACRO_NAME_ORD_DCM_C                     TYPE

OWNER           OBJECT_NAME                              OBJECT_TYPE
--------------- ---------------------------------------- --------------------
ORDSYS          MACRO_USE_ORD_DCM_T                      TYPE
ORDSYS          MANUFACTURER_ORD_IMG_T                   TYPE
ORDSYS          MAPPED_PATH_ORD_DCM_C                    TYPE
ORDSYS          MAPPED_PATH_ORD_DCM_T                    TYPE
ORDSYS          MD_AE_ATTR_ORD_DCM_T                     TYPE
ORDSYS          MD_AGE_STRING_ORD_DCM_C                  TYPE
ORDSYS          MD_APP_ENTITY_ORD_DCM_C                  TYPE
ORDSYS          MD_AS_ATTR_ORD_DCM_T                     TYPE
ORDSYS          MD_AS_ORD_DCM_T                          TYPE
ORDSYS          MD_ATTRIBUTE_TAG_ORD_DCM_C               TYPE
ORDSYS          MD_ATTR_DEFINERS_ORD_DCM_T               TYPE

OWNER           OBJECT_NAME                              OBJECT_TYPE
--------------- ---------------------------------------- --------------------
ORDSYS          MD_ATTR_DEFINER_ORD_DCM_C                TYPE
ORDSYS          MD_ATTR_DEFINER_ORD_DCM_T                TYPE
ORDSYS          MD_ATTR_NAME_ORD_DCM_C                   TYPE
ORDSYS          MD_ATTR_RANGE_ORD_DCM_T                  TYPE
ORDSYS          MD_ATTR_VALUE_ORD_DCM_T                  TYPE
ORDSYS          MD_AT_ATTR_ORD_DCM_T                     TYPE
ORDSYS          MD_CODE_STRING_ORD_DCM_C                 TYPE
ORDSYS          MD_CS_ATTR_ORD_DCM_T                     TYPE
ORDSYS          MD_DATASET_ORD_DCM_T                     TYPE
ORDSYS          MD_DATE_ORD_DCM_C                        TYPE
ORDSYS          MD_DATE_TIME_ORD_DCM_C                   TYPE

OWNER           OBJECT_NAME                              OBJECT_TYPE
--------------- ---------------------------------------- --------------------
ORDSYS          MD_DA_ATTR_ORD_DCM_T                     TYPE
ORDSYS          MD_DECIMAL_STRING_ORD_DCM_C              TYPE
ORDSYS          MD_DOCUMENT_HEADER_ORD_DCM_C             TYPE
ORDSYS          MD_DOC_CHANGE_LOG_ORD_DCM_T              TYPE
ORDSYS          MD_DOC_HEADER_ORD_DCM_T                  TYPE
ORDSYS          MD_DS_ATTR_ORD_DCM_T                     TYPE
ORDSYS          MD_DT_ATTR_ORD_DCM_T                     TYPE
ORDSYS          MD_EXCEPTION_TYPE_ORD_DCM_C              TYPE
ORDSYS          MD_EXP_ATTR_ORD_DCM_T                    TYPE
ORDSYS          MD_EXTENDED_TYPE_ORD_DCM_C               TYPE
ORDSYS          MD_EXT_ATTR_ORD_DCM_T                    TYPE

OWNER           OBJECT_NAME                              OBJECT_TYPE
--------------- ---------------------------------------- --------------------
ORDSYS          MD_EXT_ORD_DCM_T                         TYPE
ORDSYS          MD_FD_ATTR_ORD_DCM_T                     TYPE
ORDSYS          MD_FLOAT_DOUBLE_STR_ORD_DCM_C            TYPE
ORDSYS          MD_FLOAT_SINGLE_ORD_DCM_C                TYPE
ORDSYS          MD_FL_ATTR_ORD_DCM_T                     TYPE
ORDSYS          MD_INTEGER_STRING_ORD_DCM_C              TYPE
ORDSYS          MD_IS_ATTR_ORD_DCM_T                     TYPE
ORDSYS          MD_ITEM_ORD_DCM_C                        TYPE
ORDSYS          MD_LONG_STRING_ORD_DCM_C                 TYPE
ORDSYS          MD_LONG_TEXT_ORD_DCM_C                   TYPE
ORDSYS          MD_LO_ATTR_ORD_DCM_T                     TYPE

OWNER           OBJECT_NAME                              OBJECT_TYPE
--------------- ---------------------------------------- --------------------
ORDSYS          MD_LT_ATTR_ORD_DCM_T                     TYPE
ORDSYS          MD_MIXED_TEXT_ORD_DCM_T                  TYPE
ORDSYS          MD_NAME_ORD_DCM_C                        TYPE
ORDSYS          MD_NAME_ORD_DCM_T                        TYPE
ORDSYS          MD_OB_ATTR_ORD_DCM_T                     TYPE
ORDSYS          MD_OF_ATTR_ORD_DCM_T                     TYPE
ORDSYS          MD_OTHER_BYTE_ORD_DCM_C                  TYPE
ORDSYS          MD_OTHER_FLOAT_ORD_DCM_C                 TYPE
ORDSYS          MD_OTHER_WORD_ORD_DCM_C                  TYPE
ORDSYS          MD_OW_ATTR_ORD_DCM_T                     TYPE
ORDSYS          MD_OW_ORD_DCM_T                          TYPE

OWNER           OBJECT_NAME                              OBJECT_TYPE
--------------- ---------------------------------------- --------------------
ORDSYS          MD_PERSON_NAME_ORD_DCM_C                 TYPE
ORDSYS          MD_PN_ATTR_ORD_DCM_T                     TYPE
ORDSYS          MD_PN_ORD_DCM_T                          TYPE
ORDSYS          MD_SHORT_STRING_ORD_DCM_C                TYPE
ORDSYS          MD_SHORT_TEXT_ORD_DCM_C                  TYPE
ORDSYS          MD_SH_ATTR_ORD_DCM_T                     TYPE
ORDSYS          MD_SIGNED_LONG_ORD_DCM_C                 TYPE
ORDSYS          MD_SIGNED_SHORT_ORD_DCM_C                TYPE
ORDSYS          MD_SL_ATTR_ORD_DCM_T                     TYPE
ORDSYS          MD_SQ_ATTR_ORD_DCM_T                     TYPE
ORDSYS          MD_SQ_ORD_DCM_T                          TYPE

OWNER           OBJECT_NAME                              OBJECT_TYPE
--------------- ---------------------------------------- --------------------
ORDSYS          MD_SS_ATTR_ORD_DCM_T                     TYPE
ORDSYS          MD_ST_ATTR_ORD_DCM_T                     TYPE
ORDSYS          MD_TIME_ORD_DCM_C                        TYPE
ORDSYS          MD_TM_ATTR_ORD_DCM_T                     TYPE
ORDSYS          MD_UI_ATTR_ORD_DCM_T                     TYPE
ORDSYS          MD_UL_ATTR_ORD_DCM_T                     TYPE
ORDSYS          MD_UNIQUE_ID_ORD_DCM_C                   TYPE
ORDSYS          MD_UNKNOWN_ORD_DCM_C                     TYPE
ORDSYS          MD_UNLIMITED_TEXT_ORD_DCM_C              TYPE
ORDSYS          MD_UNSIGNED_LONG_ORD_DCM_C               TYPE
ORDSYS          MD_UNSIGNED_SHORT_ORD_DCM_C              TYPE

OWNER           OBJECT_NAME                              OBJECT_TYPE
--------------- ---------------------------------------- --------------------
ORDSYS          MD_UN_ATTR_ORD_DCM_T                     TYPE
ORDSYS          MD_UN_ORD_DCM_T                          TYPE
ORDSYS          MD_US_ATTR_ORD_DCM_T                     TYPE
ORDSYS          MD_UT_ATTR_ORD_DCM_T                     TYPE
ORDSYS          MEDIASTORAGE_CLASS_ORD_IMG_T             TYPE
ORDSYS          MEDIASTORAGE_INSTAN_ORD_IMG_T            TYPE
ORDSYS          METERINGMODE_ORD_IMG_T                   TYPE
ORDSYS          MIXED_TEXT_ORD_DCM_T                     TYPE
ORDSYS          MODALITY_ORD_IMG_T                       TYPE
ORDSYS          NAME_ORD_DCM_C                           TYPE
ORDSYS          NAME_ORD_DCM_T                           TYPE

OWNER           OBJECT_NAME                              OBJECT_TYPE
--------------- ---------------------------------------- --------------------
ORDSYS          NONNEGATIVEINTEGER_ORD_IMG_T             TYPE
ORDSYS          NONNEGATIVEREAL_ORD_IMG_T                TYPE
ORDSYS          OB_ATTR_ORD_DCM_T                        TYPE
ORDSYS          OF_ATTR_ORD_DCM_T                        TYPE
ORDSYS          ORD_DICOM_HEADER_ORD_IMG_T               TYPE
ORDSYS          ORD_NUM_LIST                             TYPE
ORDSYS          ORIENTATION_ORD_IMG_T                    TYPE
ORDSYS          OTHER_BYTE_ORD_DCM_C                     TYPE
ORDSYS          OTHER_FLOAT_ORD_DCM_C                    TYPE
ORDSYS          OTHER_WORD_ORD_DCM_C                     TYPE
ORDSYS          OW_ATTR_ORD_DCM_T                        TYPE

OWNER           OBJECT_NAME                              OBJECT_TYPE
--------------- ---------------------------------------- --------------------
ORDSYS          OW_ORD_DCM_T                             TYPE
ORDSYS          PARAMETER_ORD_DCM_C                      TYPE
ORDSYS          PARAMETER_ORD_DCM_T                      TYPE
ORDSYS          PATIENT_BIRTH_DATE_ORD_IMG_T             TYPE
ORDSYS          PATIENT_ID_ORD_IMG_T                     TYPE
ORDSYS          PATIENT_NAME_ORD_IMG_T                   TYPE
ORDSYS          PATIENT_ORD_IMG_T                        TYPE
ORDSYS          PATIENT_ORIENTATION_ORD_IMG_C            TYPE
ORDSYS          PATIENT_ORIENTATION_ORD_IMG_T            TYPE
ORDSYS          PATIENT_POSITION_ORD_IMG_T               TYPE
ORDSYS          PATIENT_SEX_ORD_IMG_T                    TYPE

OWNER           OBJECT_NAME                              OBJECT_TYPE
--------------- ---------------------------------------- --------------------
ORDSYS          PATIENT_STUDY_ORD_IMG_T                  TYPE
ORDSYS          PERFORMED_PROC_ID_ORD_IMG_T              TYPE
ORDSYS          PERFORMING_PHYSICIAN_ORD_IMG_C           TYPE
ORDSYS          PERFORMING_PHYSICIAN_ORD_IMG_T           TYPE
ORDSYS          PERF_PROC_DESC_ORD_IMG_T                 TYPE
ORDSYS          PERF_PROC_STARTDATE_ORD_IMG_T            TYPE
ORDSYS          PERF_PROC_STARTTIME_ORD_IMG_T            TYPE
ORDSYS          PERSON_NAME_ORD_DCM_C                    TYPE
ORDSYS          PHOTOMETRICINTERP_ORD_IMG_T              TYPE
ORDSYS          PHOTOMETRIC_INTERP_ORD_IMG_T             TYPE
ORDSYS          PIXEL_ASPECT_RATIO_ORD_IMG_C             TYPE

OWNER           OBJECT_NAME                              OBJECT_TYPE
--------------- ---------------------------------------- --------------------
ORDSYS          PIXEL_ASPECT_RATIO_ORD_IMG_T             TYPE
ORDSYS          PIXEL_REPRESENTATION_ORD_IMG_T           TYPE
ORDSYS          PLANARCONFIG_ORD_IMG_T                   TYPE
ORDSYS          PLANAR_CONFIGURATION_ORD_IMG_T           TYPE
ORDSYS          PN_ATTR_ORD_DCM_T                        TYPE
ORDSYS          PN_ORD_DCM_T                             TYPE
ORDSYS          POSITIVEINTEGER_ORD_IMG_T                TYPE
ORDSYS          PREDICATES_DEF_ORD_DCM_C                 TYPE
ORDSYS          PREDICATE_GROUP_ORD_DCM_T                TYPE
ORDSYS          PREDICATE_MACRO_ORD_DCM_T                TYPE
ORDSYS          PREDICATE_ORD_DCM_C                      TYPE

OWNER           OBJECT_NAME                              OBJECT_TYPE
--------------- ---------------------------------------- --------------------
ORDSYS          PREDICATE_ORD_DCM_T                      TYPE
ORDSYS          PREFERENCE_DEF_ORD_DCM_C                 TYPE
ORDSYS          PREFERENCE_DEF_ORD_DCM_T                 TYPE
ORDSYS          PRIM_CHROMATICITIES_ORD_IMG_T            TYPE
ORDSYS          PRIVATE_ATTR_DEF_ORD_DCM_T               TYPE
ORDSYS          REAL_ORD_IMG_T                           TYPE
ORDSYS          REFERING_PHYSICIANS_ORD_IMG_T            TYPE
ORDSYS          RELATIONAL_PREDICATE_ORD_DCM_T           TYPE
ORDSYS          REPEATEDFIELD_ORD_IMG_T                  TYPE
ORDSYS          RESOLUTION_ORD_IMG_T                     TYPE
ORDSYS          RIVATE_ATTR_DEF_ORD_DCM_C                TYPE

OWNER           OBJECT_NAME                              OBJECT_TYPE
--------------- ---------------------------------------- --------------------
ORDSYS          SAMPLES_PER_PIXEL_ORD_IMG_T              TYPE
ORDSYS          SATURATION_ORD_IMG_T                     TYPE
ORDSYS          SCENECAPTURE_ORD_IMG_T                   TYPE
ORDSYS          SENSINGMETHOD_ORD_IMG_T                  TYPE
ORDSYS          SERIES_DATE_ORD_IMG_T                    TYPE
ORDSYS          SERIES_INSTANCE_UID_ORD_IMG_T            TYPE
ORDSYS          SERIES_TIME_ORD_IMG_T                    TYPE
ORDSYS          SHARPNESS_ORD_IMG_T                      TYPE
ORDSYS          SHORT_STRING_ORD_DCM_C                   TYPE
ORDSYS          SHORT_TEXT_ORD_DCM_C                     TYPE
ORDSYS          SH_ATTR_ORD_DCM_T                        TYPE

OWNER           OBJECT_NAME                              OBJECT_TYPE
--------------- ---------------------------------------- --------------------
ORDSYS          SIGNED_LONG_ORD_DCM_C                    TYPE
ORDSYS          SIGNED_SHORT_ORD_DCM_C                   TYPE
ORDSYS          SINGLEFIELDT_ORD_IMG_T                   TYPE
ORDSYS          SINGLEFIELD_ORD_IMG_T                    TYPE
ORDSYS          SL_ATTR_ORD_DCM_T                        TYPE
ORDSYS          SOP_CLASS_UID_ORD_IMG_T                  TYPE
ORDSYS          SOP_COMMON_ORD_IMG_T                     TYPE
ORDSYS          SOP_INSTANCE_UID_ORD_IMG_T               TYPE
ORDSYS          SQ_ATTR_ORD_DCM_T                        TYPE
ORDSYS          SQ_ORD_DCM_T                             TYPE
ORDSYS          SRC_APP_ENTITY_TITLE_ORD_IMG_T           TYPE

OWNER           OBJECT_NAME                              OBJECT_TYPE
--------------- ---------------------------------------- --------------------
ORDSYS          SS_ATTR_ORD_DCM_T                        TYPE
ORDSYS          STANDARD_ATTR_DEF_ORD_DCM_C              TYPE
ORDSYS          STANDARD_ATTR_DEF_ORD_DCM_T              TYPE
ORDSYS          STRING_ORD_IMG_T                         TYPE
ORDSYS          STRING_VALUE_ORD_DCM_C                   TYPE
ORDSYS          STRIPBYTECOUNTS_ORD_IMG_T                TYPE
ORDSYS          STRIPBYTECOUNT_ORD_IMG_C                 TYPE
ORDSYS          STRIPBYTECOUNT_ORD_IMG_T                 TYPE
ORDSYS          STRIPOFFSETS_ORD_IMG_T                   TYPE
ORDSYS          STRIPOFFSET_ORD_IMG_C                    TYPE
ORDSYS          STRIPOFFSET_ORD_IMG_T                    TYPE

OWNER           OBJECT_NAME                              OBJECT_TYPE
--------------- ---------------------------------------- --------------------
ORDSYS          STUDY_DATE_ORD_IMG_T                     TYPE
ORDSYS          STUDY_DESCRIPTION_ORD_IMG_T              TYPE
ORDSYS          STUDY_ID_ORD_IMG_T                       TYPE
ORDSYS          STUDY_INSTANCE_UID_ORD_IMG_T             TYPE
ORDSYS          STUDY_TIME_ORD_IMG_T                     TYPE
ORDSYS          ST_ATTR_ORD_DCM_T                        TYPE
ORDSYS          SUBJECTAREA_ORD_IMG_T                    TYPE
ORDSYS          SUBJECTDISTANCERANGE_ORD_IMG_T           TYPE
ORDSYS          SUBJECTLOCATION_ORD_IMG_T                TYPE
ORDSYS          SUPP_CAT_ORD_IMG_C                       TYPE
ORDSYS          TIFFIFD_ORD_IMG_T                        TYPE

OWNER           OBJECT_NAME                              OBJECT_TYPE
--------------- ---------------------------------------- --------------------
ORDSYS          TIME_ORD_DCM_C                           TYPE
ORDSYS          TIME_ORD_IMG_T                           TYPE
ORDSYS          TM_ATTR_ORD_DCM_T                        TYPE
ORDSYS          TRANSFER_SYNTAX_UID_ORD_IMG_T            TYPE
ORDSYS          UID_DEF_ORD_DCM_C                        TYPE
ORDSYS          UID_DEF_ORD_DCM_T                        TYPE
ORDSYS          UID_ENTRY_ORD_DCM_T                      TYPE
ORDSYS          UI_ATTR_ORD_DCM_T                        TYPE
ORDSYS          UL_ATTR_ORD_DCM_T                        TYPE
ORDSYS          UNIQUE_ID_ORD_DCM_C                      TYPE
ORDSYS          UNKNOWN_ORD_DCM_C                        TYPE

OWNER           OBJECT_NAME                              OBJECT_TYPE
--------------- ---------------------------------------- --------------------
ORDSYS          UNLIMITED_TEXT_ORD_DCM_C                 TYPE
ORDSYS          UNSIGNED_LONG_ORD_DCM_C                  TYPE
ORDSYS          UNSIGNED_SHORT_ORD_DCM_C                 TYPE
ORDSYS          UN_ATTR_ORD_DCM_T                        TYPE
ORDSYS          UN_ORD_DCM_T                             TYPE
ORDSYS          US_ATTR_ORD_DCM_T                        TYPE
ORDSYS          UT_ATTR_ORD_DCM_T                        TYPE
ORDSYS          UUID_ORD_IMG_T                           TYPE
ORDSYS          WHITEBALANCE_ORD_IMG_T                   TYPE
ORDSYS          WHITEPOINT_ORD_IMG_T                     TYPE
ORDSYS          XML_MAPPING_DOCUMENT_ORD_DCM_T           TYPE

OWNER           OBJECT_NAME                              OBJECT_TYPE
--------------- ---------------------------------------- --------------------
ORDSYS          XML_VALUE_ORD_DCM_C                      TYPE
ORDSYS          XMP_METADATA_ORD_IMG_T                   TYPE
ORDSYS          YCBCRCOEFFICIENTS_ORD_IMG_T              TYPE
ORDSYS          YCBCRPOSITIONING_ORD_IMG_T               TYPE
ORDSYS          YCBCRSUBSAMPLING_ORD_IMG_T               TYPE
SYS             DDL_LCR_T                                TYPE
SYS             LCR_ANYDATA_T                            TYPE
SYS             LCR_COLUMN_VALUE_T                       TYPE
SYS             LCR_DATETIME_FORMAT_T                    TYPE
SYS             LCR_EXTRA_ATTRIBUTE_T                    TYPE
SYS             LCR_EXTRA_ATTRIBUTE_VALUES_T             TYPE

OWNER           OBJECT_NAME                              OBJECT_TYPE
--------------- ---------------------------------------- --------------------
SYS             LCR_EXTRA_ATTRIBUTE_VALUE_T              TYPE
SYS             LCR_NEW_VALUES_T                         TYPE
SYS             LCR_OLD_NEW_VALUE_T                      TYPE
SYS             LCR_OLD_VALUES_T                         TYPE
SYS             ORATSDP_SCT_DDRM_T                       TYPE
SYS             ORATSDP_SCT_SENSITIVE_TYPE_T             TYPE
SYS             ORATSDP_SCT_SENSITIVE_TYPE_V             TYPE
SYS             ORATSDP_SD_APPLICATION_T                 TYPE
SYS             ORATSDP_SD_APPLICATION_V                 TYPE
SYS             ORATSDP_SD_DDRM_T                        TYPE
SYS             ORATSDP_SD_SENSITIVE_INFO_OTV            TYPE

OWNER           OBJECT_NAME                              OBJECT_TYPE
--------------- ---------------------------------------- --------------------
SYS             ORATSDP_SD_SENSITIVE_INFO_T              TYPE
SYS             ORATSDP_SD_SENSITIVE_INFO_V              TYPE
SYS             ORATSDP_SD_SENSITIVE_TYPE_T              TYPE
SYS             ORATSDP_SD_SENSITIVE_TYPE_V              TYPE
SYS             ROW_LCR_T                                TYPE
ORDSYS          ORDAUDIO                                 TYPE BODY
ORDSYS          ORDDATASOURCE                            TYPE BODY
ORDSYS          ORDDICOM                                 TYPE BODY
ORDSYS          ORDDOC                                   TYPE BODY
ORDSYS          ORDIMAGE                                 TYPE BODY
ORDSYS          ORDIMAGESIGNATURE                        TYPE BODY

OWNER           OBJECT_NAME                              OBJECT_TYPE
--------------- ---------------------------------------- --------------------
ORDSYS          ORDSOURCE                                TYPE BODY
ORDSYS          ORDVIDEO                                 TYPE BODY
ORDSYS          SI_AVERAGECOLOR                          TYPE BODY
ORDSYS          SI_COLOR                                 TYPE BODY
ORDSYS          SI_COLORHISTOGRAM                        TYPE BODY
ORDSYS          SI_FEATURELIST                           TYPE BODY
ORDSYS          SI_POSITIONALCOLOR                       TYPE BODY
ORDSYS          SI_STILLIMAGE                            TYPE BODY
ORDSYS          SI_TEXTURE                               TYPE BODY
SYS             ADVISOR_OBJECT                           TYPE BODY
SYS             AWR_OBJECT                               TYPE BODY

OWNER           OBJECT_NAME                              OBJECT_TYPE
--------------- ---------------------------------------- --------------------
SYS             CURSOR_CACHE_OBJECT                      TYPE BODY
SYS             DM$RQMOD_DETAILIMPL                      TYPE BODY
SYS             JOB_DEFINITION                           TYPE BODY
SYS             PLAN_TABLE_OBJECT                        TYPE BODY
SYS             PRVT_AWRV_METADATA                       TYPE BODY
SYS             PRVT_AWR_PERIOD                          TYPE BODY
SYS             SODA_COLLECTION_T                        TYPE BODY
SYS             SODA_CURSOR_T                            TYPE BODY
SYS             SODA_DOCUMENT_T                          TYPE BODY
SYS             SODA_OPERATION_T                         TYPE BODY
SYS             SPM_OBJECT                               TYPE BODY

OWNER           OBJECT_NAME                              OBJECT_TYPE
--------------- ---------------------------------------- --------------------
SYS             SQLSET_OBJECT                            TYPE BODY
SYS             SQL_PROFILE_OBJECT                       TYPE BODY
SYS             WRI$_ADV_HDM_T                           TYPE BODY
SYS             WRI$_ADV_OBJSPACE_TREND_T                TYPE BODY
SYS             WRI$_ADV_TUNEMVIEW_ADV                   TYPE BODY
SYS             WRI$_ADV_WORKLOAD                        TYPE BODY
SYS             WRI$_REPT_ADDM                           TYPE BODY
SYS             WRI$_REPT_ASH                            TYPE BODY
SYS             WRI$_REPT_ASH_OMX                        TYPE BODY
SYS             WRI$_REPT_AUTO_INDEX                     TYPE BODY
SYS             WRI$_REPT_AWRV                           TYPE BODY

OWNER           OBJECT_NAME                              OBJECT_TYPE
--------------- ---------------------------------------- --------------------
SYS             WRI$_REPT_CPADDM                         TYPE BODY
SYS             WRI$_REPT_DBHOME                         TYPE BODY
SYS             WRI$_REPT_EMX_PERF                       TYPE BODY
SYS             WRI$_REPT_PERF                           TYPE BODY
SYS             WRI$_REPT_RTADDM                         TYPE BODY
SYS             WRI$_REPT_SESSION                        TYPE BODY
SYS             WRI$_REPT_SQLT                           TYPE BODY
SYS             ALL_AUDIT_POLICIES                       VIEW
SYS             ALL_AUDIT_POLICY_COLUMNS                 VIEW
SYS             ALL_HIVE_COLUMNS                         VIEW
SYS             ALL_HIVE_DATABASES                       VIEW

OWNER           OBJECT_NAME                              OBJECT_TYPE
--------------- ---------------------------------------- --------------------
SYS             ALL_HIVE_PART_KEY_COLUMNS                VIEW
SYS             ALL_HIVE_TABLES                          VIEW
SYS             ALL_HIVE_TAB_PARTITIONS                  VIEW
SYS             ALL_NESTED_TABLE_COLS                    VIEW
SYS             ALL_POLICY_ATTRIBUTES                    VIEW
SYS             ALL_POLICY_CONTEXTS                      VIEW
SYS             ALL_POLICY_GROUPS                        VIEW
SYS             ALL_SEC_RELEVANT_COLS                    VIEW
SYS             ALL_SUBPART_COL_STATISTICS               VIEW
SYS             ALL_VIEWS_AE                             VIEW
SYS             ALL_XS_APPLICABLE_OBJECTS                VIEW

OWNER           OBJECT_NAME                              OBJECT_TYPE
--------------- ---------------------------------------- --------------------
SYS             ALL_XT_HIVE_TABLES_VALIDATION            VIEW
SYS             AQ$ALERT_QT                              VIEW
SYS             AQ$ALERT_QT_R                            VIEW
SYS             AQ$AQ_EVENT_TABLE                        VIEW
SYS             AQ$AQ_PROP_TABLE                         VIEW
SYS             AQ$AQ_PROP_TABLE_R                       VIEW
SYS             AQ$ORA$PREPLUGIN_BACKUP_QTB              VIEW
SYS             AQ$ORA$PREPLUGIN_BACKUP_QTB_R            VIEW
SYS             AQ$SCHEDULER$_EVENT_QTAB                 VIEW
SYS             AQ$SCHEDULER$_EVENT_QTAB_R               VIEW
SYS             AQ$SCHEDULER$_REMDB_JOBQTAB              VIEW

OWNER           OBJECT_NAME                              OBJECT_TYPE
--------------- ---------------------------------------- --------------------
SYS             AQ$SCHEDULER$_REMDB_JOBQTAB_R            VIEW
SYS             AQ$SCHEDULER_FILEWATCHER_QT              VIEW
SYS             AQ$SCHEDULER_FILEWATCHER_QT_R            VIEW
SYS             AQ$SYS$SERVICE_METRICS_TAB_R             VIEW
SYS             AQ$_ALERT_QT_F                           VIEW
SYS             AQ$_AQ$_MEM_MC_F                         VIEW
SYS             AQ$_AQ_EVENT_TABLE_F                     VIEW
SYS             AQ$_AQ_PROP_TABLE_F                      VIEW
SYS             AQ$_ORA$PREPLUGIN_BACKUP_QTB_F           VIEW
SYS             AQ$_SCHEDULER$_EVENT_QTAB_F              VIEW
SYS             AQ$_SCHEDULER$_REMDB_JOBQTAB_F           VIEW

OWNER           OBJECT_NAME                              OBJECT_TYPE
--------------- ---------------------------------------- --------------------
SYS             AQ$_SCHEDULER_FILEWATCHER_QT_F           VIEW
SYS             AQ$_SYS$SERVICE_METRICS_TAB_F            VIEW
SYS             AWR_CDB_CELL_DISK_NAME                   VIEW
SYS             AWR_PDB_CELL_DISK_NAME                   VIEW
SYS             AWR_ROOT_CELL_DISK_NAME                  VIEW
SYS             CDB_CONSTRAINTS                          VIEW
SYS             CDB_HIST_CELL_DISK_NAME                  VIEW
SYS             CDB_HIVE_COLUMNS                         VIEW
SYS             CDB_HIVE_DATABASES                       VIEW
SYS             CDB_HIVE_PART_KEY_COLUMNS                VIEW
SYS             CDB_HIVE_TABLES                          VIEW

OWNER           OBJECT_NAME                              OBJECT_TYPE
--------------- ---------------------------------------- --------------------
SYS             CDB_HIVE_TAB_PARTITIONS                  VIEW
SYS             CDB_NESTED_TABLE_COLS                    VIEW
SYS             CDB_SUBPART_COL_STATISTICS               VIEW
SYS             CDB_TAB_COLS                             VIEW
SYS             CDB_TAB_COLS_V$                          VIEW
SYS             CDB_TAB_COLUMNS                          VIEW
SYS             CDB_TSTZ_TABLES                          VIEW
SYS             CDB_TSTZ_TAB_COLS                        VIEW
SYS             CDB_VIEWS                                VIEW
SYS             CDB_VIEWS_AE                             VIEW
SYS             CDB_XT_HIVE_TABLES_VALIDATION            VIEW

OWNER           OBJECT_NAME                              OBJECT_TYPE
--------------- ---------------------------------------- --------------------
SYS             DBA_HIST_CELL_DISK_NAME                  VIEW
SYS             DBA_HIVE_COLUMNS                         VIEW
SYS             DBA_HIVE_DATABASES                       VIEW
SYS             DBA_HIVE_PART_KEY_COLUMNS                VIEW
SYS             DBA_HIVE_TABLES                          VIEW
SYS             DBA_HIVE_TAB_PARTITIONS                  VIEW
SYS             DBA_NESTED_TABLE_COLS                    VIEW
SYS             DBA_SUBPART_COL_STATISTICS               VIEW
SYS             DBA_TSTZ_TABLES                          VIEW
SYS             DBA_TSTZ_TAB_COLS                        VIEW
SYS             DBA_VIEWS_AE                             VIEW

OWNER           OBJECT_NAME                              OBJECT_TYPE
--------------- ---------------------------------------- --------------------
SYS             DBA_XT_HIVE_TABLES_VALIDATION            VIEW
SYS             EXU10ASC                                 VIEW
SYS             EXU10ASCU                                VIEW
SYS             EXU8ASC                                  VIEW
SYS             EXU8ASCU                                 VIEW
SYS             EXU8HST                                  VIEW
SYS             EXU8HSTU                                 VIEW
SYS             INT$DBA_VIEWS_AE                         VIEW
SYS             KU$_10_1_FHTABLE_VIEW                    VIEW
SYS             KU$_10_1_IOTABLE_VIEW                    VIEW
SYS             KU$_10_1_PFHTABLE_VIEW                   VIEW

OWNER           OBJECT_NAME                              OBJECT_TYPE
--------------- ---------------------------------------- --------------------
SYS             KU$_10_1_PIOTABLE_VIEW                   VIEW
SYS             KU$_10_2_FHTABLE_VIEW                    VIEW
SYS             KU$_11_2_VIEW_VIEW                       VIEW
SYS             KU$_ACPTABLE_VIEW                        VIEW
SYS             KU$_CLUSTER_VIEW                         VIEW
SYS             KU$_COLLIST_VIEW                         VIEW
SYS             KU$_COLUMN_VIEW                          VIEW
SYS             KU$_FHTABLE_VIEW                         VIEW
SYS             KU$_IOTABLE_VIEW                         VIEW
SYS             KU$_M_VIEW_FH_VIEW                       VIEW
SYS             KU$_M_VIEW_IOT_VIEW                      VIEW

OWNER           OBJECT_NAME                              OBJECT_TYPE
--------------- ---------------------------------------- --------------------
SYS             KU$_M_VIEW_LOG_FH_VIEW                   VIEW
SYS             KU$_M_VIEW_LOG_PFH_VIEW                  VIEW
SYS             KU$_M_VIEW_PFH_VIEW                      VIEW
SYS             KU$_M_VIEW_PIOT_VIEW                     VIEW
SYS             KU$_M_ZONEMAP_FH_VIEW                    VIEW
SYS             KU$_M_ZONEMAP_IOT_VIEW                   VIEW
SYS             KU$_M_ZONEMAP_PFH_VIEW                   VIEW
SYS             KU$_M_ZONEMAP_PIOT_VIEW                  VIEW
SYS             KU$_NT_PARENT_VIEW                       VIEW
SYS             KU$_OPQTYPE_VIEW                         VIEW
SYS             KU$_P2TCOLUMN_VIEW                       VIEW

OWNER           OBJECT_NAME                              OBJECT_TYPE
--------------- ---------------------------------------- --------------------
SYS             KU$_P2TPARTCOL_VIEW                      VIEW
SYS             KU$_PARTITION_VIEW                       VIEW
SYS             KU$_PCOLUMN_VIEW                         VIEW
SYS             KU$_PFHTABLE_VIEW                        VIEW
SYS             KU$_PIOTABLE_VIEW                        VIEW
SYS             KU$_QTAB_STORAGE_VIEW                    VIEW
SYS             KU$_QUEUE_TABLE_VIEW                     VIEW
SYS             KU$_SP2TCOLUMN_VIEW                      VIEW
SYS             KU$_SP2TPARTCOL_VIEW                     VIEW
SYS             KU$_SUBPARTITION_VIEW                    VIEW
SYS             KU$_TTS_TYPES_VIEW                       VIEW

OWNER           OBJECT_NAME                              OBJECT_TYPE
--------------- ---------------------------------------- --------------------
SYS             KU$_VIEW_VIEW                            VIEW
SYS             KU$_ZM_VIEW_FH_VIEW                      VIEW
SYS             KU$_ZM_VIEW_IOT_VIEW                     VIEW
SYS             KU$_ZM_VIEW_PFH_VIEW                     VIEW
SYS             KU$_ZM_VIEW_PIOT_VIEW                    VIEW
SYS             MDX_ODBO_DIMENSIONS                      VIEW
SYS             MDX_ODBO_FUNCTIONS                       VIEW
SYS             MDX_ODBO_HIERARCHIES                     VIEW
SYS             MDX_ODBO_LEVELS                          VIEW
SYS             MDX_ODBO_MEASURES                        VIEW
SYS             MDX_ODBO_PROPERTIES                      VIEW

OWNER           OBJECT_NAME                              OBJECT_TYPE
--------------- ---------------------------------------- --------------------
SYS             SM$INTEGRITY_CONS                        VIEW
SYS             UMF_SCHEMA_XMLTYPE                       VIEW
SYS             USER_HIVE_COLUMNS                        VIEW
SYS             USER_HIVE_DATABASES                      VIEW
SYS             USER_HIVE_PART_KEY_COLUMNS               VIEW
SYS             USER_HIVE_TABLES                         VIEW
SYS             USER_HIVE_TAB_PARTITIONS                 VIEW
SYS             USER_NESTED_TABLE_COLS                   VIEW
SYS             USER_SEC_RELEVANT_COLS                   VIEW
SYS             USER_SUBPART_COL_STATISTICS              VIEW
SYS             USER_TSTZ_TABLES                         VIEW

OWNER           OBJECT_NAME                              OBJECT_TYPE
--------------- ---------------------------------------- --------------------
SYS             USER_TSTZ_TAB_COLS                       VIEW
SYS             USER_VIEWS_AE                            VIEW
SYS             USER_XT_HIVE_TABLES_VALIDATION           VIEW
SYS             _DBA_XSTREAM_UNSUPPORTED_12_1            VIEW
SYS             _USER_QUEUE_SCHEDULES_COMPAT             VIEW

1479 rows selected.

SQL> column comp_name format a40
column version format a12
column status format a15
select comp_name,version,status from dba_registry;SQL> SQL> SQL>

COMP_NAME                                VERSION      STATUS
---------------------------------------- ------------ ---------------
Oracle Database Catalog Views            19.0.0.0.0   UPGRADED
Oracle Database Packages and Types       19.0.0.0.0   UPGRADED
JServer JAVA Virtual Machine             19.0.0.0.0   UPGRADED
Oracle XDK                               19.0.0.0.0   UPGRADED
Oracle Database Java Packages            19.0.0.0.0   UPGRADED
OLAP Analytic Workspace                  19.0.0.0.0   UPGRADED
Oracle Real Application Clusters         19.0.0.0.0   UPGRADED
Oracle XML Database                      19.0.0.0.0   UPGRADED
Oracle Workspace Manager                 19.0.0.0.0   UPGRADED
Oracle Text                              19.0.0.0.0   UPGRADED
Oracle Multimedia                        19.0.0.0.0   UPGRADED

COMP_NAME                                VERSION      STATUS
---------------------------------------- ------------ ---------------
Spatial                                  19.0.0.0.0   UPGRADED
Oracle OLAP API                          19.0.0.0.0   UPGRADED
Oracle Label Security                    19.0.0.0.0   UPGRADED
Oracle Database Vault                    19.0.0.0.0   UPGRADED

15 rows selected.

SQL>
Network error: Software caused connection abort

──────────────────────────────────────────────────────────────────────────────────────────────────────────────────────────────────────────────────

Session stopped
    - Press <return> to exit tab
    - Press R to restart session
    - Press S to save terminal output to file




   ┌──────────────────────────────────────────────────────────────────────┐
    │                 • MobaXterm Personal Edition v21.2 •                 │
    │               (SSH client, X server and network tools)               │
    │                                                                      │
    │ ➤ SSH session to root@10.38.4.180                                    │
    │   • Direct SSH      :  ✔                                             │
    │   • SSH compression :  ✔                                             │
    │   • SSH-browser     :  ✔                                             │
    │   • X11-forwarding  :  ✔  (remote display is forwarded through SSH)  │
    │                                                                      │
    │ ➤ For more info, ctrl+click on help or visit our website.            │
    └──────────────────────────────────────────────────────────────────────┘

Last login: Fri May 19 08:04:35 2023 from 172.29.0.102
[root@oraclelab1 ~]# clear
[root@oraclelab1 ~]# cd /u01/app/oracle/fast_recovery_area/
[root@oraclelab1 fast_recovery_area]# ls -ltrh
total 0
drwxr-x---. 7 oracle oinstall 95 May 12 09:44 DEVDB
drwxr-x---. 3 oracle oinstall 17 May 19 08:07 DEV
drwxr-x---. 3 oracle oinstall 18 May 19 08:19 TEST
drwxr-x---. 3 oracle oinstall 17 May 19 08:29 UAT
[root@oraclelab1 fast_recovery_area]# cd DEV
[root@oraclelab1 DEV]# ls -ltrh
total 0
drwxr-x---. 5 oracle oinstall 60 May 19 08:09 DEV
[root@oraclelab1 DEV]# cd DEV/
[root@oraclelab1 DEV]# ls -ltrh
total 0
drwxr-x---. 3 oracle oinstall 24 May 19 08:07 archivelog
drwxr-x---. 2 oracle oinstall 33 May 19 08:09 controlfile
drwxr-x---. 2 oracle oinstall 93 May 19 08:09 onlinelog
[root@oraclelab1 DEV]# ls -ltrh
total 0
drwxr-x---. 3 oracle oinstall 24 May 19 08:07 archivelog
drwxr-x---. 2 oracle oinstall 33 May 19 08:09 controlfile
drwxr-x---. 2 oracle oinstall 93 May 19 08:09 onlinelog
drwxr-x---. 2 oracle oinstall 60 May 19 10:06 flashback
[root@oraclelab1 DEV]# cd flashback
[root@oraclelab1 flashback]# ls -ltrh
total 401M
-rw-r-----. 1 oracle oinstall 201M May 19 10:06 o1_mf_l6fz6ypw_.flb
-rw-r-----. 1 oracle oinstall 201M May 19 10:06 o1_mf_l6fz6xwy_.flb
[root@oraclelab1 flashback]#
Network error: Software caused connection abort

─────────────────────────────────────────────────────────────────────────────────────────────────────────────────────────────────

Session stopped
    - Press <return> to exit tab
    - Press R to restart session
    - Press S to save terminal output to file


